Archive member included to satisfy reference by file (symbol)

f:/mounriver_studio/toolchain/risc-v embedded gcc/bin/../lib/gcc/riscv-none-embed/8.2.0/../../../../riscv-none-embed/lib/rv32imacxw/ilp32\libprintfloat.a(printfloat.o)
                              ./User/main.o (printf)
f:/mounriver_studio/toolchain/risc-v embedded gcc/bin/../lib/gcc/riscv-none-embed/8.2.0/rv32imacxw/ilp32\libgcc.a(_udivdi3.o)
                              f:/mounriver_studio/toolchain/risc-v embedded gcc/bin/../lib/gcc/riscv-none-embed/8.2.0/../../../../riscv-none-embed/lib/rv32imacxw/ilp32\libprintfloat.a(printfloat.o) (__udivdi3)
f:/mounriver_studio/toolchain/risc-v embedded gcc/bin/../lib/gcc/riscv-none-embed/8.2.0/rv32imacxw/ilp32\libgcc.a(_umoddi3.o)
                              f:/mounriver_studio/toolchain/risc-v embedded gcc/bin/../lib/gcc/riscv-none-embed/8.2.0/../../../../riscv-none-embed/lib/rv32imacxw/ilp32\libprintfloat.a(printfloat.o) (__umoddi3)
f:/mounriver_studio/toolchain/risc-v embedded gcc/bin/../lib/gcc/riscv-none-embed/8.2.0/rv32imacxw/ilp32\libgcc.a(ledf2.o)
                              f:/mounriver_studio/toolchain/risc-v embedded gcc/bin/../lib/gcc/riscv-none-embed/8.2.0/../../../../riscv-none-embed/lib/rv32imacxw/ilp32\libprintfloat.a(printfloat.o) (__ltdf2)
f:/mounriver_studio/toolchain/risc-v embedded gcc/bin/../lib/gcc/riscv-none-embed/8.2.0/rv32imacxw/ilp32\libgcc.a(muldf3.o)
                              f:/mounriver_studio/toolchain/risc-v embedded gcc/bin/../lib/gcc/riscv-none-embed/8.2.0/../../../../riscv-none-embed/lib/rv32imacxw/ilp32\libprintfloat.a(printfloat.o) (__muldf3)
f:/mounriver_studio/toolchain/risc-v embedded gcc/bin/../lib/gcc/riscv-none-embed/8.2.0/rv32imacxw/ilp32\libgcc.a(subdf3.o)
                              f:/mounriver_studio/toolchain/risc-v embedded gcc/bin/../lib/gcc/riscv-none-embed/8.2.0/../../../../riscv-none-embed/lib/rv32imacxw/ilp32\libprintfloat.a(printfloat.o) (__subdf3)
f:/mounriver_studio/toolchain/risc-v embedded gcc/bin/../lib/gcc/riscv-none-embed/8.2.0/rv32imacxw/ilp32\libgcc.a(fixdfdi.o)
                              f:/mounriver_studio/toolchain/risc-v embedded gcc/bin/../lib/gcc/riscv-none-embed/8.2.0/../../../../riscv-none-embed/lib/rv32imacxw/ilp32\libprintfloat.a(printfloat.o) (__fixdfdi)
f:/mounriver_studio/toolchain/risc-v embedded gcc/bin/../lib/gcc/riscv-none-embed/8.2.0/rv32imacxw/ilp32\libgcc.a(floatdidf.o)
                              f:/mounriver_studio/toolchain/risc-v embedded gcc/bin/../lib/gcc/riscv-none-embed/8.2.0/../../../../riscv-none-embed/lib/rv32imacxw/ilp32\libprintfloat.a(printfloat.o) (__floatdidf)
f:/mounriver_studio/toolchain/risc-v embedded gcc/bin/../lib/gcc/riscv-none-embed/8.2.0/rv32imacxw/ilp32\libgcc.a(save-restore.o)
                              ./Driver/IIC.o (__riscv_save_9)
f:/mounriver_studio/toolchain/risc-v embedded gcc/bin/../lib/gcc/riscv-none-embed/8.2.0/rv32imacxw/ilp32\libgcc.a(_clz.o)
                              f:/mounriver_studio/toolchain/risc-v embedded gcc/bin/../lib/gcc/riscv-none-embed/8.2.0/rv32imacxw/ilp32\libgcc.a(_udivdi3.o) (__clz_tab)
f:/mounriver_studio/toolchain/risc-v embedded gcc/bin/../lib/gcc/riscv-none-embed/8.2.0/rv32imacxw/ilp32\libgcc.a(_clzsi2.o)
                              f:/mounriver_studio/toolchain/risc-v embedded gcc/bin/../lib/gcc/riscv-none-embed/8.2.0/rv32imacxw/ilp32\libgcc.a(muldf3.o) (__clzsi2)
f:/mounriver_studio/toolchain/risc-v embedded gcc/bin/../lib/gcc/riscv-none-embed/8.2.0/../../../../riscv-none-embed/lib/rv32imacxw/ilp32\libg_nano.a(lib_a-memset.o)
                              ./Device/ESP8266.o (memset)
f:/mounriver_studio/toolchain/risc-v embedded gcc/bin/../lib/gcc/riscv-none-embed/8.2.0/../../../../riscv-none-embed/lib/rv32imacxw/ilp32\libg_nano.a(lib_a-strstr.o)
                              ./Device/ESP8266.o (strstr)

Discarded input sections

 .text          0x0000000000000000        0x0 ./User/ch32v30x_it.o
 .data          0x0000000000000000        0x0 ./User/ch32v30x_it.o
 .bss           0x0000000000000000        0x0 ./User/ch32v30x_it.o
 .text          0x0000000000000000        0x0 ./User/main.o
 .data          0x0000000000000000        0x0 ./User/main.o
 .bss           0x0000000000000000        0x0 ./User/main.o
 .sbss.count    0x0000000000000000        0x2 ./User/main.o
 .sbss.gCS100ACount
                0x0000000000000000        0x2 ./User/main.o
 .sbss.gCS100A_Distance
                0x0000000000000000        0x4 ./User/main.o
 .sbss.gJoystickValue
                0x0000000000000000        0x4 ./User/main.o
 .sbss.gOD_flag
                0x0000000000000000        0x1 ./User/main.o
 .text          0x0000000000000000        0x0 ./User/system_ch32v30x.o
 .data          0x0000000000000000        0x0 ./User/system_ch32v30x.o
 .bss           0x0000000000000000        0x0 ./User/system_ch32v30x.o
 .text          0x0000000000000000        0x0 ./Startup/startup_ch32v30x_D8C.o
[...]
Memory Configuration

Name             Origin             Length             Attributes
FLASH            0x0000000000000000 0x0000000000040000 xr
RAM              0x0000000020000000 0x0000000000010000 xrw
*default*        0x0000000000000000 0xffffffffffffffff

Linker script and memory map

LOAD ./User/ch32v30x_it.o
LOAD ./User/main.o
LOAD ./User/system_ch32v30x.o
LOAD ./Startup/startup_ch32v30x_D8C.o
LOAD ./Peripheral/src/ch32v30x_adc.o
LOAD ./Peripheral/src/ch32v30x_bkp.o
LOAD ./Peripheral/src/ch32v30x_can.o
LOAD ./Peripheral/src/ch32v30x_crc.o
LOAD ./Peripheral/src/ch32v30x_dac.o
LOAD ./Peripheral/src/ch32v30x_dbgmcu.o
LOAD ./Peripheral/src/ch32v30x_dma.o
LOAD ./Peripheral/src/ch32v30x_dvp.o
LOAD ./Peripheral/src/ch32v30x_eth.o
LOAD ./Peripheral/src/ch32v30x_exti.o
LOAD ./Peripheral/src/ch32v30x_flash.o
LOAD ./Peripheral/src/ch32v30x_fsmc.o
LOAD ./Peripheral/src/ch32v30x_gpio.o
LOAD ./Peripheral/src/ch32v30x_i2c.o
LOAD ./Peripheral/src/ch32v30x_iwdg.o
LOAD ./Peripheral/src/ch32v30x_misc.o
LOAD ./Peripheral/src/ch32v30x_opa.o
LOAD ./Peripheral/src/ch32v30x_pwr.o
LOAD ./Peripheral/src/ch32v30x_rcc.o
LOAD ./Peripheral/src/ch32v30x_rng.o
LOAD ./Peripheral/src/ch32v30x_rtc.o
LOAD ./Peripheral/src/ch32v30x_sdio.o
LOAD ./Peripheral/src/ch32v30x_spi.o
LOAD ./Peripheral/src/ch32v30x_tim.o
LOAD ./Peripheral/src/ch32v30x_usart.o
LOAD ./Peripheral/src/ch32v30x_wwdg.o
LOAD ./Driver/IIC.o
LOAD ./Driver/NVIC.o
LOAD ./Driver/TIM.o
LOAD ./Driver/user_usart.o
LOAD ./Device/ESP8266.o
LOAD ./Debug/debug.o
LOAD ./Core/core_riscv.o
LOAD f:/mounriver_studio/toolchain/risc-v embedded gcc/bin/../lib/gcc/riscv-none-embed/8.2.0/../../../../riscv-none-embed/lib/rv32imacxw/ilp32\libm.a
LOAD f:/mounriver_studio/toolchain/risc-v embedded gcc/bin/../lib/gcc/riscv-none-embed/8.2.0/../../../../riscv-none-embed/lib/rv32imacxw/ilp32\libprintfloat.a
LOAD f:/mounriver_studio/toolchain/risc-v embedded gcc/bin/../lib/gcc/riscv-none-embed/8.2.0/rv32imacxw/ilp32\libgcc.a
LOAD f:/mounriver_studio/toolchain/risc-v embedded gcc/bin/../lib/gcc/riscv-none-embed/8.2.0/../../../../riscv-none-embed/lib/rv32imacxw/ilp32\libg_nano.a
LOAD f:/mounriver_studio/toolchain/risc-v embedded gcc/bin/../lib/gcc/riscv-none-embed/8.2.0/../../../../riscv-none-embed/lib/rv32imacxw/ilp32\libc_nano.a
LOAD f:/mounriver_studio/toolchain/risc-v embedded gcc/bin/../lib/gcc/riscv-none-embed/8.2.0/rv32imacxw/ilp32\libgcc.a
START GROUP
LOAD f:/mounriver_studio/toolchain/risc-v embedded gcc/bin/../lib/gcc/riscv-none-embed/8.2.0/rv32imacxw/ilp32\libgcc.a
LOAD f:/mounriver_studio/toolchain/risc-v embedded gcc/bin/../lib/gcc/riscv-none-embed/8.2.0/../../../../riscv-none-embed/lib/rv32imacxw/ilp32\libc_nano.a
LOAD f:/mounriver_studio/toolchain/risc-v embedded gcc/bin/../lib/gcc/riscv-none-embed/8.2.0/../../../../riscv-none-embed/lib/rv32imacxw/ilp32\libnosys.a
END GROUP
START GROUP
LOAD f:/mounriver_studio/toolchain/risc-v embedded gcc/bin/../lib/gcc/riscv-none-embed/8.2.0/rv32imacxw/ilp32\libgcc.a
LOAD f:/mounriver_studio/toolchain/risc-v embedded gcc/bin/../lib/gcc/riscv-none-embed/8.2.0/../../../../riscv-none-embed/lib/rv32imacxw/ilp32\libc_nano.a
LOAD f:/mounriver_studio/toolchain/risc-v embedded gcc/bin/../lib/gcc/riscv-none-embed/8.2.0/../../../../riscv-none-embed/lib/rv32imacxw/ilp32\libnosys.a
END GROUP
                0x0000000000000800                __stack_size = 0x800
                [!provide]                        PROVIDE (_stack_size = __stack_size)

.init           0x0000000000000000        0x4
                0x0000000000000000                _sinit = .
                0x0000000000000000                . = ALIGN (0x4)
 *(SORT_NONE(.init))
 .init          0x0000000000000000        0x4 ./Startup/startup_ch32v30x_D8C.o
                0x0000000000000000                _start
                0x0000000000000004                . = ALIGN (0x4)
                0x0000000000000004                _einit = .

.vector         0x0000000000000004      0x1bc
 *(.vector)
 .vector        0x0000000000000004      0x1a0 ./Startup/startup_ch32v30x_D8C.o
                0x00000000000001c0                . = ALIGN (0x40)
 *fill*         0x00000000000001a4       0x1c 

.text           0x00000000000001c0     0x3038
                0x00000000000001c0                . = ALIGN (0x4)
 *(.text)
 .text          0x00000000000001c0       0x60 f:/mounriver_studio/toolchain/risc-v embedded gcc/bin/../lib/gcc/riscv-none-embed/8.2.0/rv32imacxw/ilp32\libgcc.a(save-restore.o)
                0x00000000000001c0                __riscv_save_12
                0x00000000000001c8                __riscv_save_9
                0x00000000000001c8                __riscv_save_11
                0x00000000000001c8                __riscv_save_10
                0x00000000000001c8                __riscv_save_8
                0x00000000000001d6                __riscv_save_4
                0x00000000000001d6                __riscv_save_6
                0x00000000000001d6                __riscv_save_5
                0x00000000000001d6                __riscv_save_7
                0x00000000000001f0                __riscv_save_3
                0x00000000000001f0                __riscv_save_2
                0x00000000000001f0                __riscv_save_1
                0x00000000000001f0                __riscv_save_0
                0x00000000000001fc                __riscv_restore_12
                0x0000000000000200                __riscv_restore_11
                0x0000000000000200                __riscv_restore_9
                0x0000000000000200                __riscv_restore_10
                0x0000000000000200                __riscv_restore_8
                0x000000000000020a                __riscv_restore_5
                0x000000000000020a                __riscv_restore_7
                0x000000000000020a                __riscv_restore_6
                0x000000000000020a                __riscv_restore_4
                0x0000000000000214                __riscv_restore_3
                0x0000000000000214                __riscv_restore_0
                0x0000000000000214                __riscv_restore_2
                0x0000000000000214                __riscv_restore_1
 .text          0x0000000000000220       0xa8 f:/mounriver_studio/toolchain/risc-v embedded gcc/bin/../lib/gcc/riscv-none-embed/8.2.0/../../../../riscv-none-embed/lib/rv32imacxw/ilp32\libg_nano.a(lib_a-memset.o)
                0x0000000000000220                memset
 *(.text.*)
 .text.NMI_Handler
                0x00000000000002c8        0x2 ./User/ch32v30x_it.o
                0x00000000000002c8                NMI_Handler
 .text.HardFault_Handler
                0x00000000000002ca        0x2 ./User/ch32v30x_it.o
                0x00000000000002ca                HardFault_Handler
 .text.LED_GFG  0x00000000000002cc       0x26 ./User/main.o
                0x00000000000002cc                LED_GFG
 .text.startup.main
                0x00000000000002f2       0xd6 ./User/main.o
                0x00000000000002f2                main
 .text.SystemInit
                0x00000000000003c8       0xfa ./User/system_ch32v30x.o
                0x00000000000003c8                SystemInit
 .text.SystemCoreClockUpdate
                0x00000000000004c2      0x12e ./User/system_ch32v30x.o
                0x00000000000004c2                SystemCoreClockUpdate
 .text.vector_handler
                0x00000000000005f0        0x2 ./Startup/startup_ch32v30x_D8C.o
                0x00000000000005f0                EXTI2_IRQHandler
                0x00000000000005f0                TIM8_TRG_COM_IRQHandler
                0x00000000000005f0                TIM8_CC_IRQHandler
                0x00000000000005f0                UART8_IRQHandler
                0x00000000000005f0                TIM1_CC_IRQHandler
                0x00000000000005f0                TIM6_IRQHandler
                0x00000000000005f0                SysTick_Handler
                0x00000000000005f0                PVD_IRQHandler
                0x00000000000005f0                SDIO_IRQHandler
                0x00000000000005f0                TIM9_BRK_IRQHandler
                0x00000000000005f0                DMA2_Channel8_IRQHandler
                0x00000000000005f0                CAN2_RX1_IRQHandler
                0x00000000000005f0                EXTI3_IRQHandler
                0x00000000000005f0                USBHS_IRQHandler
                0x00000000000005f0                DMA2_Channel9_IRQHandler
                0x00000000000005f0                TIM10_CC_IRQHandler
                0x00000000000005f0                USBFS_IRQHandler
                0x00000000000005f0                EXTI0_IRQHandler
                0x00000000000005f0                I2C2_EV_IRQHandler
                0x00000000000005f0                TIM10_TRG_COM_IRQHandler
                0x00000000000005f0                CAN2_SCE_IRQHandler
                0x00000000000005f0                ADC1_2_IRQHandler
                0x00000000000005f0                Break_Point_Handler
                0x00000000000005f0                SPI1_IRQHandler
                0x00000000000005f0                TAMPER_IRQHandler
                0x00000000000005f0                CAN2_RX0_IRQHandler
                0x00000000000005f0                TIM8_UP_IRQHandler
                0x00000000000005f0                Ecall_M_Mode_Handler
                0x00000000000005f0                DMA2_Channel2_IRQHandler
                0x00000000000005f0                DMA1_Channel4_IRQHandler
                0x00000000000005f0                TIM9_UP_IRQHandler
                0x00000000000005f0                RTC_IRQHandler
                0x00000000000005f0                DMA1_Channel7_IRQHandler
                0x00000000000005f0                CAN1_RX1_IRQHandler
                0x00000000000005f0                DVP_IRQHandler
                0x00000000000005f0                UART5_IRQHandler
                0x00000000000005f0                TIM4_IRQHandler
                0x00000000000005f0                DMA2_Channel1_IRQHandler
                0x00000000000005f0                I2C1_EV_IRQHandler
                0x00000000000005f0                DMA1_Channel6_IRQHandler
                0x00000000000005f0                UART4_IRQHandler
                0x00000000000005f0                DMA2_Channel4_IRQHandler
                0x00000000000005f0                TIM3_IRQHandler
                0x00000000000005f0                RCC_IRQHandler
                0x00000000000005f0                TIM1_TRG_COM_IRQHandler
                0x00000000000005f0                DMA1_Channel1_IRQHandler
                0x00000000000005f0                DMA2_Channel7_IRQHandler
                0x00000000000005f0                EXTI15_10_IRQHandler
                0x00000000000005f0                TIM7_IRQHandler
                0x00000000000005f0                CAN2_TX_IRQHandler
                0x00000000000005f0                TIM5_IRQHandler
                0x00000000000005f0                EXTI9_5_IRQHandler
                0x00000000000005f0                ETH_WKUP_IRQHandler
                0x00000000000005f0                SPI2_IRQHandler
                0x00000000000005f0                TIM10_BRK_IRQHandler
                0x00000000000005f0                TIM9_CC_IRQHandler
                0x00000000000005f0                DMA2_Channel5_IRQHandler
                0x00000000000005f0                DMA1_Channel5_IRQHandler
                0x00000000000005f0                EXTI4_IRQHandler
                0x00000000000005f0                USB_LP_CAN1_RX0_IRQHandler
                0x00000000000005f0                RNG_IRQHandler
                0x00000000000005f0                USB_HP_CAN1_TX_IRQHandler
                0x00000000000005f0                DMA1_Channel3_IRQHandler
                0x00000000000005f0                ETH_IRQHandler
                0x00000000000005f0                TIM1_UP_IRQHandler
                0x00000000000005f0                WWDG_IRQHandler
                0x00000000000005f0                USBHSWakeup_IRQHandler
                0x00000000000005f0                DMA2_Channel11_IRQHandler
                0x00000000000005f0                Ecall_U_Mode_Handler
                0x00000000000005f0                DMA2_Channel6_IRQHandler
                0x00000000000005f0                TIM2_IRQHandler
                0x00000000000005f0                SW_Handler
                0x00000000000005f0                TIM1_BRK_IRQHandler
                0x00000000000005f0                DMA2_Channel10_IRQHandler
                0x00000000000005f0                EXTI1_IRQHandler
                0x00000000000005f0                RTCAlarm_IRQHandler
                0x00000000000005f0                TIM10_UP_IRQHandler
                0x00000000000005f0                TIM9_TRG_COM_IRQHandler
                0x00000000000005f0                UART7_IRQHandler
                0x00000000000005f0                USART2_IRQHandler
                0x00000000000005f0                UART6_IRQHandler
                0x00000000000005f0                I2C2_ER_IRQHandler
                0x00000000000005f0                DMA1_Channel2_IRQHandler
                0x00000000000005f0                TIM8_BRK_IRQHandler
                0x00000000000005f0                CAN1_SCE_IRQHandler
                0x00000000000005f0                FLASH_IRQHandler
                0x00000000000005f0                USART1_IRQHandler
                0x00000000000005f0                SPI3_IRQHandler
                0x00000000000005f0                I2C1_ER_IRQHandler
                0x00000000000005f0                USBWakeUp_IRQHandler
                0x00000000000005f0                DMA2_Channel3_IRQHandler
 .text.handle_reset
                0x00000000000005f2       0x8a ./Startup/startup_ch32v30x_D8C.o
                0x00000000000005f2                handle_reset
 .text.DBGMCU_GetCHIPID
                0x000000000000067c        0xa ./Peripheral/src/ch32v30x_dbgmcu.o
                0x000000000000067c                DBGMCU_GetCHIPID
 .text.GPIO_Init
                0x0000000000000686       0xc0 ./Peripheral/src/ch32v30x_gpio.o
                0x0000000000000686                GPIO_Init
 .text.NVIC_PriorityGroupConfig
                0x0000000000000746        0x6 ./Peripheral/src/ch32v30x_misc.o
                0x0000000000000746                NVIC_PriorityGroupConfig
 .text.NVIC_Init
                0x000000000000074c       0x4e ./Peripheral/src/ch32v30x_misc.o
                0x000000000000074c                NVIC_Init
 .text.RCC_GetClocksFreq
                0x000000000000079a      0x176 ./Peripheral/src/ch32v30x_rcc.o
                0x000000000000079a                RCC_GetClocksFreq
 .text.RCC_APB2PeriphClockCmd
                0x0000000000000910       0x1e ./Peripheral/src/ch32v30x_rcc.o
                0x0000000000000910                RCC_APB2PeriphClockCmd
 .text.RCC_APB1PeriphClockCmd
                0x000000000000092e       0x1e ./Peripheral/src/ch32v30x_rcc.o
                0x000000000000092e                RCC_APB1PeriphClockCmd
 .text.USART_Init
                0x000000000000094c       0x8e ./Peripheral/src/ch32v30x_usart.o
                0x000000000000094c                USART_Init
 .text.USART_Cmd
                0x00000000000009da       0x16 ./Peripheral/src/ch32v30x_usart.o
                0x00000000000009da                USART_Cmd
 .text.USART_ITConfig
                0x00000000000009f0       0x36 ./Peripheral/src/ch32v30x_usart.o
                0x00000000000009f0                USART_ITConfig
 .text.USART_SendData
                0x0000000000000a26        0x8 ./Peripheral/src/ch32v30x_usart.o
                0x0000000000000a26                USART_SendData
 .text.USART_ReceiveData
                0x0000000000000a2e        0x8 ./Peripheral/src/ch32v30x_usart.o
                0x0000000000000a2e                USART_ReceiveData
 .text.USART_GetFlagStatus
                0x0000000000000a36        0xa ./Peripheral/src/ch32v30x_usart.o
                0x0000000000000a36                USART_GetFlagStatus
 .text.USART_GetITStatus
                0x0000000000000a40       0x3c ./Peripheral/src/ch32v30x_usart.o
                0x0000000000000a40                USART_GetITStatus
 .text.USER_UART_Transmit
                0x0000000000000a7c       0x2a ./Driver/user_usart.o
                0x0000000000000a7c                USER_UART_Transmit
 .text.USER_UART_SendString
                0x0000000000000aa6       0x22 ./Driver/user_usart.o
                0x0000000000000aa6                USER_UART_SendString
 .text.WIFI_SendCMD
                0x0000000000000ac8       0x72 ./Device/ESP8266.o
                0x0000000000000ac8                WIFI_SendCMD
 .text.WIFI_SetMode
                0x0000000000000b3a       0x3a ./Device/ESP8266.o
                0x0000000000000b3a                WIFI_SetMode
 .text.WIFI_Init
                0x0000000000000b74      0x106 ./Device/ESP8266.o
                0x0000000000000b74                WIFI_Init
 .text.WIFI_SetTxMode
                0x0000000000000c7a       0x5c ./Device/ESP8266.o
                0x0000000000000c7a                WIFI_SetTxMode
 .text.WIFI_LinkSSID
                0x0000000000000cd6       0x32 ./Device/ESP8266.o
                0x0000000000000cd6                WIFI_LinkSSID
 .text.WIFI_CheckIP
                0x0000000000000d08       0x98 ./Device/ESP8266.o
                0x0000000000000d08                WIFI_CheckIP
 .text.WIFI_CheckPort
                0x0000000000000da0       0x38 ./Device/ESP8266.o
                0x0000000000000da0                WIFI_CheckPort
 .text.WIFI_TCPConnect
                0x0000000000000dd8       0x60 ./Device/ESP8266.o
                0x0000000000000dd8                WIFI_TCPConnect
 .text.WIFI_CMD_ReturnCheck
                0x0000000000000e38       0x6e ./Device/ESP8266.o
                0x0000000000000e38                WIFI_CMD_ReturnCheck
 .text.USART3_IRQHandler
                0x0000000000000ea6       0x62 ./Device/ESP8266.o
                0x0000000000000ea6                USART3_IRQHandler
 .text.Delay_Init
                0x0000000000000f08       0x2a ./Debug/debug.o
                0x0000000000000f08                Delay_Init
 .text.Delay_Ms
                0x0000000000000f32       0x36 ./Debug/debug.o
                0x0000000000000f32                Delay_Ms
 .text.USART_Printf_Init
                0x0000000000000f68       0x58 ./Debug/debug.o
                0x0000000000000f68                USART_Printf_Init
 .text._write   0x0000000000000fc0       0x3a ./Debug/debug.o
                0x0000000000000fc0                _write
 .text.printchar
                0x0000000000000ffa       0x48 f:/mounriver_studio/toolchain/risc-v embedded gcc/bin/../lib/gcc/riscv-none-embed/8.2.0/../../../../riscv-none-embed/lib/rv32imacxw/ilp32\libprintfloat.a(printfloat.o)
                0x0000000000000ffa                printchar
 .text.prints   0x0000000000001042       0xd8 f:/mounriver_studio/toolchain/risc-v embedded gcc/bin/../lib/gcc/riscv-none-embed/8.2.0/../../../../riscv-none-embed/lib/rv32imacxw/ilp32\libprintfloat.a(printfloat.o)
                0x0000000000001042                prints
 .text.printInt
                0x000000000000111a       0xe6 f:/mounriver_studio/toolchain/risc-v embedded gcc/bin/../lib/gcc/riscv-none-embed/8.2.0/../../../../riscv-none-embed/lib/rv32imacxw/ilp32\libprintfloat.a(printfloat.o)
                0x000000000000111a                printInt
 .text.printLongLongInt
                0x0000000000001200      0x11a f:/mounriver_studio/toolchain/risc-v embedded gcc/bin/../lib/gcc/riscv-none-embed/8.2.0/../../../../riscv-none-embed/lib/rv32imacxw/ilp32\libprintfloat.a(printfloat.o)
                0x0000000000001200                printLongLongInt
 .text.printDouble
                0x000000000000131a       0xfa f:/mounriver_studio/toolchain/risc-v embedded gcc/bin/../lib/gcc/riscv-none-embed/8.2.0/../../../../riscv-none-embed/lib/rv32imacxw/ilp32\libprintfloat.a(printfloat.o)
                0x000000000000131a                printDouble
 .text.print    0x0000000000001414      0x34e f:/mounriver_studio/toolchain/risc-v embedded gcc/bin/../lib/gcc/riscv-none-embed/8.2.0/../../../../riscv-none-embed/lib/rv32imacxw/ilp32\libprintfloat.a(printfloat.o)
                0x0000000000001414                print
 .text.printf   0x0000000000001762       0x22 f:/mounriver_studio/toolchain/risc-v embedded gcc/bin/../lib/gcc/riscv-none-embed/8.2.0/../../../../riscv-none-embed/lib/rv32imacxw/ilp32\libprintfloat.a(printfloat.o)
                0x0000000000001762                printf
 .text.sprintf  0x0000000000001784       0x26 f:/mounriver_studio/toolchain/risc-v embedded gcc/bin/../lib/gcc/riscv-none-embed/8.2.0/../../../../riscv-none-embed/lib/rv32imacxw/ilp32\libprintfloat.a(printfloat.o)
                0x0000000000001784                sprintf
 .text.puts     0x00000000000017aa       0x4a f:/mounriver_studio/toolchain/risc-v embedded gcc/bin/../lib/gcc/riscv-none-embed/8.2.0/../../../../riscv-none-embed/lib/rv32imacxw/ilp32\libprintfloat.a(printfloat.o)
                0x00000000000017aa                puts
 .text.__udivdi3
                0x00000000000017f4      0x392 f:/mounriver_studio/toolchain/risc-v embedded gcc/bin/../lib/gcc/riscv-none-embed/8.2.0/rv32imacxw/ilp32\libgcc.a(_udivdi3.o)
                0x00000000000017f4                __udivdi3
 .text.__umoddi3
                0x0000000000001b86      0x38a f:/mounriver_studio/toolchain/risc-v embedded gcc/bin/../lib/gcc/riscv-none-embed/8.2.0/rv32imacxw/ilp32\libgcc.a(_umoddi3.o)
                0x0000000000001b86                __umoddi3
 .text.__ledf2  0x0000000000001f10       0xb6 f:/mounriver_studio/toolchain/risc-v embedded gcc/bin/../lib/gcc/riscv-none-embed/8.2.0/rv32imacxw/ilp32\libgcc.a(ledf2.o)
                0x0000000000001f10                __ledf2
                0x0000000000001f10                __ltdf2
 .text.__muldf3
                0x0000000000001fc6      0x4b8 f:/mounriver_studio/toolchain/risc-v embedded gcc/bin/../lib/gcc/riscv-none-embed/8.2.0/rv32imacxw/ilp32\libgcc.a(muldf3.o)
                0x0000000000001fc6                __muldf3
 .text.__subdf3
                0x000000000000247e      0x73c f:/mounriver_studio/toolchain/risc-v embedded gcc/bin/../lib/gcc/riscv-none-embed/8.2.0/rv32imacxw/ilp32\libgcc.a(subdf3.o)
                0x000000000000247e                __subdf3
 .text.__fixdfdi
                0x0000000000002bba       0xbc f:/mounriver_studio/toolchain/risc-v embedded gcc/bin/../lib/gcc/riscv-none-embed/8.2.0/rv32imacxw/ilp32\libgcc.a(fixdfdi.o)
                0x0000000000002bba                __fixdfdi
 .text.__floatdidf
                0x0000000000002c76      0x1b2 f:/mounriver_studio/toolchain/risc-v embedded gcc/bin/../lib/gcc/riscv-none-embed/8.2.0/rv32imacxw/ilp32\libgcc.a(floatdidf.o)
                0x0000000000002c76                __floatdidf
 .text.__clzsi2
                0x0000000000002e28       0x6e f:/mounriver_studio/toolchain/risc-v embedded gcc/bin/../lib/gcc/riscv-none-embed/8.2.0/rv32imacxw/ilp32\libgcc.a(_clzsi2.o)
                0x0000000000002e28                __clzsi2
 .text.strstr   0x0000000000002e96       0x34 f:/mounriver_studio/toolchain/risc-v embedded gcc/bin/../lib/gcc/riscv-none-embed/8.2.0/../../../../riscv-none-embed/lib/rv32imacxw/ilp32\libg_nano.a(lib_a-strstr.o)
                0x0000000000002e96                strstr
 *(.rodata)
 *(.rodata*)
 *fill*         0x0000000000002eca        0x2 
 .rodata.main.str1.4
                0x0000000000002ecc       0x98 ./User/main.o
 .rodata.USART3_IRQHandler.str1.4
                0x0000000000002f64        0x3 ./Device/ESP8266.o
 *fill*         0x0000000000002f67        0x1 
 .rodata.WIFI_CMD_ReturnCheck.str1.4
                0x0000000000002f68       0x45 ./Device/ESP8266.o
 *fill*         0x0000000000002fad        0x3 
 .rodata.WIFI_Init.str1.4
                0x0000000000002fb0       0x7a ./Device/ESP8266.o
 *fill*         0x000000000000302a        0x2 
 .rodata.WIFI_LinkSSID.str1.4
                0x000000000000302c       0x1f ./Device/ESP8266.o
 *fill*         0x000000000000304b        0x1 
 .rodata.WIFI_SetMode.str1.4
                0x000000000000304c       0x13 ./Device/ESP8266.o
 *fill*         0x000000000000305f        0x1 
 .rodata.WIFI_SetTxMode.str1.4
                0x0000000000003060       0x17 ./Device/ESP8266.o
                                         0x1d (size before relaxing)
 *fill*         0x0000000000003077        0x1 
 .rodata.WIFI_TCPConnect.str1.4
                0x0000000000003078       0x38 ./Device/ESP8266.o
 .rodata.print.str1.4
                0x00000000000030b0        0x8 f:/mounriver_studio/toolchain/risc-v embedded gcc/bin/../lib/gcc/riscv-none-embed/8.2.0/../../../../riscv-none-embed/lib/rv32imacxw/ilp32\libprintfloat.a(printfloat.o)
                                          0x7 (size before relaxing)
 .rodata.__muldf3
                0x00000000000030b8       0x40 f:/mounriver_studio/toolchain/risc-v embedded gcc/bin/../lib/gcc/riscv-none-embed/8.2.0/rv32imacxw/ilp32\libgcc.a(muldf3.o)
 .rodata.__clz_tab
                0x00000000000030f8      0x100 f:/mounriver_studio/toolchain/risc-v embedded gcc/bin/../lib/gcc/riscv-none-embed/8.2.0/rv32imacxw/ilp32\libgcc.a(_clz.o)
                0x00000000000030f8                __clz_tab
 *(.gnu.linkonce.t.*)
                0x00000000000031f8                . = ALIGN (0x4)

.rela.dyn       0x00000000000031f8        0x0
 .rela.text.startup.main
                0x00000000000031f8        0x0 ./User/ch32v30x_it.o
 .rela.init     0x00000000000031f8        0x0 ./User/ch32v30x_it.o
 .rela.vector   0x00000000000031f8        0x0 ./User/ch32v30x_it.o
 .rela.text.handle_reset
                0x00000000000031f8        0x0 ./User/ch32v30x_it.o
 .rela.text.WIFI_Init
                0x00000000000031f8        0x0 ./User/ch32v30x_it.o
 .rela.text.WIFI_TCPConnect
                0x00000000000031f8        0x0 ./User/ch32v30x_it.o
 .rela.text.WIFI_CMD_ReturnCheck
                0x00000000000031f8        0x0 ./User/ch32v30x_it.o
 .rela.text.USART3_IRQHandler
                0x00000000000031f8        0x0 ./User/ch32v30x_it.o
 .rela.text.prints
                0x00000000000031f8        0x0 ./User/ch32v30x_it.o
 .rela.text.printInt
                0x00000000000031f8        0x0 ./User/ch32v30x_it.o
 .rela.text.printLongLongInt
                0x00000000000031f8        0x0 ./User/ch32v30x_it.o
 .rela.text.printDouble
                0x00000000000031f8        0x0 ./User/ch32v30x_it.o
 .rela.text.print
                0x00000000000031f8        0x0 ./User/ch32v30x_it.o
 .rela.text.printf
                0x00000000000031f8        0x0 ./User/ch32v30x_it.o
 .rela.text.sprintf
                0x00000000000031f8        0x0 ./User/ch32v30x_it.o

.fini           0x00000000000031f8        0x0
 *(SORT_NONE(.fini))
                0x00000000000031f8                . = ALIGN (0x4)
                [!provide]                        PROVIDE (_etext = .)
                [!provide]                        PROVIDE (_eitcm = .)

.preinit_array  0x00000000000031f8        0x0
                [!provide]                        PROVIDE (__preinit_array_start = .)
 *(.preinit_array)
                [!provide]                        PROVIDE (__preinit_array_end = .)

.init_array     0x00000000000031f8        0x0
                [!provide]                        PROVIDE (__init_array_start = .)
 *(SORT_BY_INIT_PRIORITY(.init_array.*) SORT_BY_INIT_PRIORITY(.ctors.*))
 *(.init_array EXCLUDE_FILE(*crtend?.o *crtend.o *crtbegin?.o *crtbegin.o) .ctors)
                [!provide]                        PROVIDE (__init_array_end = .)

.fini_array     0x00000000000031f8        0x0
                [!provide]                        PROVIDE (__fini_array_start = .)
 *(SORT_BY_INIT_PRIORITY(.fini_array.*) SORT_BY_INIT_PRIORITY(.dtors.*))
 *(.fini_array EXCLUDE_FILE(*crtend?.o *crtend.o *crtbegin?.o *crtbegin.o) .dtors)
                [!provide]                        PROVIDE (__fini_array_end = .)

.ctors
 *crtbegin.o(.ctors)
 *crtbegin?.o(.ctors)
 *(EXCLUDE_FILE(*crtend?.o *crtend.o) .ctors)
 *(SORT_BY_NAME(.ctors.*))
 *(.ctors)

.dtors
 *crtbegin.o(.dtors)
 *crtbegin?.o(.dtors)
 *(EXCLUDE_FILE(*crtend?.o *crtend.o) .dtors)
 *(SORT_BY_NAME(.dtors.*))
 *(.dtors)

.dalign         0x0000000020000000        0x0 load address 0x00000000000031f8
                0x0000000020000000                . = ALIGN (0x4)
                0x0000000020000000                PROVIDE (_data_vma = .)

.dlalign        0x00000000000031f8        0x0
                0x00000000000031f8                . = ALIGN (0x4)
                0x00000000000031f8                PROVIDE (_data_lma = .)

.data           0x0000000020000000       0x28 load address 0x00000000000031f8
 *(.gnu.linkonce.r.*)
 *(.data .data.*)
 .data.AHBPrescTable
                0x0000000020000000       0x10 ./User/system_ch32v30x.o
                0x0000000020000000                AHBPrescTable
 .data.APBAHBPrescTable
                0x0000000020000010       0x10 ./Peripheral/src/ch32v30x_rcc.o
 *(.gnu.linkonce.d.*)
                0x0000000020000020                . = ALIGN (0x8)
                0x0000000020000820                PROVIDE (__global_pointer$ = (. + 0x800))
 *(.sdata .sdata.*)
 .sdata.SystemCoreClock
                0x0000000020000020        0x4 ./User/system_ch32v30x.o
                0x0000000020000020                SystemCoreClock
 .sdata.ADCPrescTable
                0x0000000020000024        0x4 ./Peripheral/src/ch32v30x_rcc.o
 *(.sdata2.*)
 *(.gnu.linkonce.s.*)
                0x0000000020000028                . = ALIGN (0x8)
 *(.srodata.cst16)
 *(.srodata.cst8)
 *(.srodata.cst4)
 *(.srodata.cst2)
 *(.srodata .srodata.*)
                0x0000000020000028                . = ALIGN (0x4)
                0x0000000020000028                PROVIDE (_edata = .)

.bss            0x0000000020000028       0x90 load address 0x0000000000003220
                0x0000000020000028                . = ALIGN (0x4)
                0x0000000020000028                PROVIDE (_sbss = .)
 *(.sbss*)
 .sbss.NVIC_Priority_Group
                0x0000000020000028        0x4 ./Peripheral/src/ch32v30x_misc.o
                0x0000000020000028                NVIC_Priority_Group
 .sbss.WIFI_CMD_FLAG
                0x000000002000002c        0x1 ./Device/ESP8266.o
 .sbss.WIFI_RECVSTOP
                0x000000002000002d        0x1 ./Device/ESP8266.o
 .sbss.WIFI_SEND_STATE
                0x000000002000002e        0x1 ./Device/ESP8266.o
 *fill*         0x000000002000002f        0x1 
 .sbss.index.5553
                0x0000000020000030        0x2 ./Device/ESP8266.o
 .sbss.p_ms     0x0000000020000032        0x2 ./Debug/debug.o
 .sbss.p_us     0x0000000020000034        0x1 ./Debug/debug.o
 *(.gnu.linkonce.sb.*)
 *(.bss*)
 *fill*         0x0000000020000035        0x3 
 .bss.WIFI_CMD  0x0000000020000038       0x80 ./Device/ESP8266.o
 *(.gnu.linkonce.b.*)
 *(COMMON*)
                0x00000000200000b8                . = ALIGN (0x4)
                0x00000000200000b8                PROVIDE (_ebss = .)
                0x00000000200000b8                PROVIDE (_end = _ebss)
                [!provide]                        PROVIDE (end = .)

.stack          0x000000002000f800      0x800
                0x000000002000f800                PROVIDE (_heap_end = .)
                0x000000002000f800                . = ALIGN (0x4)
                [!provide]                        PROVIDE (_susrstack = .)
                0x0000000020010000                . = (. + __stack_size)
 *fill*         0x000000002000f800      0x800 
                0x0000000020010000                PROVIDE (_eusrstack = .)
OUTPUT(WCH-CH32V307VCT6-ESP8266.elf elf32-littleriscv)

.debug_info     0x0000000000000000     0xae02
 .debug_info    0x0000000000000000      0x9d9 ./User/ch32v30x_it.o
 .debug_info    0x00000000000009d9      0xef3 ./User/main.o
 .debug_info    0x00000000000018cc      0xbb5 ./User/system_ch32v30x.o
 .debug_info    0x0000000000002481       0x22 ./Startup/startup_ch32v30x_D8C.o
 .debug_info    0x00000000000024a3      0xa94 ./Peripheral/src/ch32v30x_dbgmcu.o
 .debug_info    0x0000000000002f37     0x1270 ./Peripheral/src/ch32v30x_gpio.o
 .debug_info    0x00000000000041a7      0xf60 ./Peripheral/src/ch32v30x_misc.o
 .debug_info    0x0000000000005107     0x158a ./Peripheral/src/ch32v30x_rcc.o
 .debug_info    0x0000000000006691     0x13cd ./Peripheral/src/ch32v30x_usart.o
 .debug_info    0x0000000000007a5e      0xb7c ./Driver/user_usart.o
 .debug_info    0x00000000000085da     0x18de ./Device/ESP8266.o
 .debug_info    0x0000000000009eb8      0xf4a ./Debug/debug.o

.debug_abbrev   0x0000000000000000     0x2065
 .debug_abbrev  0x0000000000000000      0x1cf ./User/ch32v30x_it.o
 .debug_abbrev  0x00000000000001cf      0x2ad ./User/main.o
 .debug_abbrev  0x000000000000047c      0x2c0 ./User/system_ch32v30x.o
 .debug_abbrev  0x000000000000073c       0x12 ./Startup/startup_ch32v30x_D8C.o
 .debug_abbrev  0x000000000000074e      0x2f7 ./Peripheral/src/ch32v30x_dbgmcu.o
 .debug_abbrev  0x0000000000000a45      0x31a ./Peripheral/src/ch32v30x_gpio.o
 .debug_abbrev  0x0000000000000d5f      0x2e3 ./Peripheral/src/ch32v30x_misc.o
 .debug_abbrev  0x0000000000001042      0x351 ./Peripheral/src/ch32v30x_rcc.o
 .debug_abbrev  0x0000000000001393      0x312 ./Peripheral/src/ch32v30x_usart.o
 .debug_abbrev  0x00000000000016a5      0x256 ./Driver/user_usart.o
 .debug_abbrev  0x00000000000018fb      0x475 ./Device/ESP8266.o
 .debug_abbrev  0x0000000000001d70      0x2f5 ./Debug/debug.o

.debug_aranges  0x0000000000000000      0x550
 .debug_aranges
                0x0000000000000000       0x28 ./User/ch32v30x_it.o
 .debug_aranges
                0x0000000000000028       0x28 ./User/main.o
 .debug_aranges
                0x0000000000000050       0x28 ./User/system_ch32v30x.o
 .debug_aranges
                0x0000000000000078       0x30 ./Startup/startup_ch32v30x_D8C.o
 .debug_aranges
                0x00000000000000a8       0x48 ./Peripheral/src/ch32v30x_dbgmcu.o
 .debug_aranges
                0x00000000000000f0       0xb0 ./Peripheral/src/ch32v30x_gpio.o
 .debug_aranges
                0x00000000000001a0       0x28 ./Peripheral/src/ch32v30x_misc.o
 .debug_aranges
                0x00000000000001c8      0x1a8 ./Peripheral/src/ch32v30x_rcc.o
 .debug_aranges
                0x0000000000000370       0xf0 ./Peripheral/src/ch32v30x_usart.o
 .debug_aranges
                0x0000000000000460       0x28 ./Driver/user_usart.o
 .debug_aranges
                0x0000000000000488       0x78 ./Device/ESP8266.o
 .debug_aranges
                0x0000000000000500       0x50 ./Debug/debug.o

.debug_ranges   0x0000000000000000      0x518
 .debug_ranges  0x0000000000000000       0x18 ./User/ch32v30x_it.o
 .debug_ranges  0x0000000000000018       0x18 ./User/main.o
 .debug_ranges  0x0000000000000030       0x38 ./User/system_ch32v30x.o
 .debug_ranges  0x0000000000000068       0x28 ./Startup/startup_ch32v30x_D8C.o
 .debug_ranges  0x0000000000000090       0x50 ./Peripheral/src/ch32v30x_dbgmcu.o
 .debug_ranges  0x00000000000000e0       0xa0 ./Peripheral/src/ch32v30x_gpio.o
 .debug_ranges  0x0000000000000180       0x48 ./Peripheral/src/ch32v30x_misc.o
 .debug_ranges  0x00000000000001c8      0x198 ./Peripheral/src/ch32v30x_rcc.o
 .debug_ranges  0x0000000000000360       0xe0 ./Peripheral/src/ch32v30x_usart.o
 .debug_ranges  0x0000000000000440       0x18 ./Driver/user_usart.o
 .debug_ranges  0x0000000000000458       0x80 ./Device/ESP8266.o
 .debug_ranges  0x00000000000004d8       0x40 ./Debug/debug.o

.debug_line     0x0000000000000000     0x6e35
 .debug_line    0x0000000000000000      0x23b ./User/ch32v30x_it.o
 .debug_line    0x000000000000023b      0x5e3 ./User/main.o
 .debug_line    0x000000000000081e      0x90a ./User/system_ch32v30x.o
 .debug_line    0x0000000000001128      0x122 ./Startup/startup_ch32v30x_D8C.o
 .debug_line    0x000000000000124a      0x387 ./Peripheral/src/ch32v30x_dbgmcu.o
 .debug_line    0x00000000000015d1     0x11e2 ./Peripheral/src/ch32v30x_gpio.o
 .debug_line    0x00000000000027b3      0x3ea ./Peripheral/src/ch32v30x_misc.o
 .debug_line    0x0000000000002b9d     0x19a5 ./Peripheral/src/ch32v30x_rcc.o
 .debug_line    0x0000000000004542      0xf12 ./Peripheral/src/ch32v30x_usart.o
 .debug_line    0x0000000000005454      0x3a8 ./Driver/user_usart.o
 .debug_line    0x00000000000057fc      0xede ./Device/ESP8266.o
 .debug_line    0x00000000000066da      0x75b ./Debug/debug.o

.debug_str      0x0000000000000000     0x1f56
 .debug_str     0x0000000000000000      0x5b6 ./User/ch32v30x_it.o
                                        0x628 (size before relaxing)
 .debug_str     0x00000000000005b6      0x2d9 ./User/main.o
                                        0x8df (size before relaxing)
 .debug_str     0x000000000000088f      0x109 ./User/system_ch32v30x.o
                                        0x6fa (size before relaxing)
 .debug_str     0x0000000000000998       0x2e ./Startup/startup_ch32v30x_D8C.o
                                         0x7a (size before relaxing)
 .debug_str     0x00000000000009c6       0x97 ./Peripheral/src/ch32v30x_dbgmcu.o
                                        0x656 (size before relaxing)
 .debug_str     0x0000000000000a5d      0x26e ./Peripheral/src/ch32v30x_gpio.o
                                        0x9c0 (size before relaxing)
 .debug_str     0x0000000000000ccb      0x698 ./Peripheral/src/ch32v30x_misc.o
                                        0xcc9 (size before relaxing)
 .debug_str     0x0000000000001363      0x5c2 ./Peripheral/src/ch32v30x_rcc.o
                                        0xcef (size before relaxing)
 .debug_str     0x0000000000001925      0x3cf ./Peripheral/src/ch32v30x_usart.o
                                        0xb0a (size before relaxing)
 .debug_str     0x0000000000001cf4       0x2c ./Driver/user_usart.o
                                        0x6b4 (size before relaxing)
 .debug_str     0x0000000000001d20      0x1b9 ./Device/ESP8266.o
                                       0x1084 (size before relaxing)
 .debug_str     0x0000000000001ed9       0x7d ./Debug/debug.o
                                        0x931 (size before relaxing)

.comment        0x0000000000000000       0x33
 .comment       0x0000000000000000       0x33 ./User/ch32v30x_it.o
                                         0x34 (size before relaxing)
 .comment       0x0000000000000033       0x34 ./User/main.o
 .comment       0x0000000000000033       0x34 ./User/system_ch32v30x.o
 .comment       0x0000000000000033       0x34 ./Peripheral/src/ch32v30x_dbgmcu.o
 .comment       0x0000000000000033       0x34 ./Peripheral/src/ch32v30x_gpio.o
 .comment       0x0000000000000033       0x34 ./Peripheral/src/ch32v30x_misc.o
 .comment       0x0000000000000033       0x34 ./Peripheral/src/ch32v30x_rcc.o
 .comment       0x0000000000000033       0x34 ./Peripheral/src/ch32v30x_usart.o
 .comment       0x0000000000000033       0x34 ./Driver/user_usart.o
 .comment       0x0000000000000033       0x34 ./Device/ESP8266.o
 .comment       0x0000000000000033       0x34 ./Debug/debug.o
 .comment       0x0000000000000033       0x34 f:/mounriver_studio/toolchain/risc-v embedded gcc/bin/../lib/gcc/riscv-none-embed/8.2.0/../../../../riscv-none-embed/lib/rv32imacxw/ilp32\libprintfloat.a(printfloat.o)

.debug_frame    0x0000000000000000      0xc0c
 .debug_frame   0x0000000000000000       0x30 ./User/ch32v30x_it.o
 .debug_frame   0x0000000000000030       0x4c ./User/main.o
 .debug_frame   0x000000000000007c       0x3c ./User/system_ch32v30x.o
 .debug_frame   0x00000000000000b8       0x70 ./Peripheral/src/ch32v30x_dbgmcu.o
 .debug_frame   0x0000000000000128      0x174 ./Peripheral/src/ch32v30x_gpio.o
 .debug_frame   0x000000000000029c       0x30 ./Peripheral/src/ch32v30x_misc.o
 .debug_frame   0x00000000000002cc      0x344 ./Peripheral/src/ch32v30x_rcc.o
 .debug_frame   0x0000000000000610      0x1e4 ./Peripheral/src/ch32v30x_usart.o
 .debug_frame   0x00000000000007f4       0x58 ./Driver/user_usart.o
 .debug_frame   0x000000000000084c      0x1b0 ./Device/ESP8266.o
 .debug_frame   0x00000000000009fc       0xb8 ./Debug/debug.o
 .debug_frame   0x0000000000000ab4       0x20 f:/mounriver_studio/toolchain/risc-v embedded gcc/bin/../lib/gcc/riscv-none-embed/8.2.0/rv32imacxw/ilp32\libgcc.a(ledf2.o)
 .debug_frame   0x0000000000000ad4       0x54 f:/mounriver_studio/toolchain/risc-v embedded gcc/bin/../lib/gcc/riscv-none-embed/8.2.0/rv32imacxw/ilp32\libgcc.a(muldf3.o)
 .debug_frame   0x0000000000000b28       0x44 f:/mounriver_studio/toolchain/risc-v embedded gcc/bin/../lib/gcc/riscv-none-embed/8.2.0/rv32imacxw/ilp32\libgcc.a(subdf3.o)
 .debug_frame   0x0000000000000b6c       0x20 f:/mounriver_studio/toolchain/risc-v embedded gcc/bin/../lib/gcc/riscv-none-embed/8.2.0/rv32imacxw/ilp32\libgcc.a(fixdfdi.o)
 .debug_frame   0x0000000000000b8c       0x40 f:/mounriver_studio/toolchain/risc-v embedded gcc/bin/../lib/gcc/riscv-none-embed/8.2.0/rv32imacxw/ilp32\libgcc.a(floatdidf.o)
 .debug_frame   0x0000000000000bcc       0x20 f:/mounriver_studio/toolchain/risc-v embedded gcc/bin/../lib/gcc/riscv-none-embed/8.2.0/rv32imacxw/ilp32\libgcc.a(_clzsi2.o)
 .debug_frame   0x0000000000000bec       0x20 f:/mounriver_studio/toolchain/risc-v embedded gcc/bin/../lib/gcc/riscv-none-embed/8.2.0/../../../../riscv-none-embed/lib/rv32imacxw/ilp32\libg_nano.a(lib_a-strstr.o)

.debug_loc      0x0000000000000000     0x21c4
 .debug_loc     0x0000000000000000      0x163 ./User/system_ch32v30x.o
 .debug_loc     0x0000000000000163       0x7c ./Peripheral/src/ch32v30x_dbgmcu.o
 .debug_loc     0x00000000000001df      0x716 ./Peripheral/src/ch32v30x_gpio.o
 .debug_loc     0x00000000000008f5       0x47 ./Peripheral/src/ch32v30x_misc.o
 .debug_loc     0x000000000000093c      0xadb ./Peripheral/src/ch32v30x_rcc.o
 .debug_loc     0x0000000000001417      0x779 ./Peripheral/src/ch32v30x_usart.o
 .debug_loc     0x0000000000001b90       0x9b ./Driver/user_usart.o
 .debug_loc     0x0000000000001c2b      0x422 ./Device/ESP8266.o
 .debug_loc     0x000000000000204d      0x177 ./Debug/debug.o
