Archive member included to satisfy reference by file (symbol)

f:/mounriver_studio/toolchain/risc-v embedded gcc/bin/../lib/gcc/riscv-none-embed/8.2.0/rv32imacxw/ilp32\libgcc.a(_divdi3.o)
                              ./FatFs/diskio.o (__divdi3)
f:/mounriver_studio/toolchain/risc-v embedded gcc/bin/../lib/gcc/riscv-none-embed/8.2.0/rv32imacxw/ilp32\libgcc.a(save-restore.o)
                              ./User/sdio.o (__riscv_save_12)
f:/mounriver_studio/toolchain/risc-v embedded gcc/bin/../lib/gcc/riscv-none-embed/8.2.0/rv32imacxw/ilp32\libgcc.a(_clz.o)
                              f:/mounriver_studio/toolchain/risc-v embedded gcc/bin/../lib/gcc/riscv-none-embed/8.2.0/rv32imacxw/ilp32\libgcc.a(_divdi3.o) (__clz_tab)
f:/mounriver_studio/toolchain/risc-v embedded gcc/bin/../lib/gcc/riscv-none-embed/8.2.0/../../../../riscv-none-embed/lib/rv32imacxw/ilp32\libg_nano.a(lib_a-memcmp.o)
                              ./FatFs/ff.o (memcmp)
f:/mounriver_studio/toolchain/risc-v embedded gcc/bin/../lib/gcc/riscv-none-embed/8.2.0/../../../../riscv-none-embed/lib/rv32imacxw/ilp32\libg_nano.a(lib_a-memcpy.o)
                              ./User/sdio.o (memcpy)
f:/mounriver_studio/toolchain/risc-v embedded gcc/bin/../lib/gcc/riscv-none-embed/8.2.0/../../../../riscv-none-embed/lib/rv32imacxw/ilp32\libg_nano.a(lib_a-memset.o)
                              ./FatFs/ff.o (memset)
f:/mounriver_studio/toolchain/risc-v embedded gcc/bin/../lib/gcc/riscv-none-embed/8.2.0/../../../../riscv-none-embed/lib/rv32imacxw/ilp32\libg_nano.a(lib_a-printf.o)
                              ./User/main.o (printf)
f:/mounriver_studio/toolchain/risc-v embedded gcc/bin/../lib/gcc/riscv-none-embed/8.2.0/../../../../riscv-none-embed/lib/rv32imacxw/ilp32\libg_nano.a(lib_a-puts.o)
                              ./User/main.o (puts)
f:/mounriver_studio/toolchain/risc-v embedded gcc/bin/../lib/gcc/riscv-none-embed/8.2.0/../../../../riscv-none-embed/lib/rv32imacxw/ilp32\libg_nano.a(lib_a-strchr.o)
                              ./FatFs/ff.o (strchr)
f:/mounriver_studio/toolchain/risc-v embedded gcc/bin/../lib/gcc/riscv-none-embed/8.2.0/../../../../riscv-none-embed/lib/rv32imacxw/ilp32\libg_nano.a(lib_a-wbuf.o)
                              f:/mounriver_studio/toolchain/risc-v embedded gcc/bin/../lib/gcc/riscv-none-embed/8.2.0/../../../../riscv-none-embed/lib/rv32imacxw/ilp32\libg_nano.a(lib_a-puts.o) (__swbuf_r)
f:/mounriver_studio/toolchain/risc-v embedded gcc/bin/../lib/gcc/riscv-none-embed/8.2.0/../../../../riscv-none-embed/lib/rv32imacxw/ilp32\libg_nano.a(lib_a-wsetup.o)
                              f:/mounriver_studio/toolchain/risc-v embedded gcc/bin/../lib/gcc/riscv-none-embed/8.2.0/../../../../riscv-none-embed/lib/rv32imacxw/ilp32\libg_nano.a(lib_a-puts.o) (__swsetup_r)
f:/mounriver_studio/toolchain/risc-v embedded gcc/bin/../lib/gcc/riscv-none-embed/8.2.0/../../../../riscv-none-embed/lib/rv32imacxw/ilp32\libg_nano.a(lib_a-fflush.o)
                              f:/mounriver_studio/toolchain/risc-v embedded gcc/bin/../lib/gcc/riscv-none-embed/8.2.0/../../../../riscv-none-embed/lib/rv32imacxw/ilp32\libg_nano.a(lib_a-wbuf.o) (_fflush_r)
f:/mounriver_studio/toolchain/risc-v embedded gcc/bin/../lib/gcc/riscv-none-embed/8.2.0/../../../../riscv-none-embed/lib/rv32imacxw/ilp32\libg_nano.a(lib_a-findfp.o)
                              f:/mounriver_studio/toolchain/risc-v embedded gcc/bin/../lib/gcc/riscv-none-embed/8.2.0/../../../../riscv-none-embed/lib/rv32imacxw/ilp32\libg_nano.a(lib_a-printf.o) (__sinit)
f:/mounriver_studio/toolchain/risc-v embedded gcc/bin/../lib/gcc/riscv-none-embed/8.2.0/../../../../riscv-none-embed/lib/rv32imacxw/ilp32\libg_nano.a(lib_a-fwalk.o)
                              f:/mounriver_studio/toolchain/risc-v embedded gcc/bin/../lib/gcc/riscv-none-embed/8.2.0/../../../../riscv-none-embed/lib/rv32imacxw/ilp32\libg_nano.a(lib_a-findfp.o) (_fwalk)
f:/mounriver_studio/toolchain/risc-v embedded gcc/bin/../lib/gcc/riscv-none-embed/8.2.0/../../../../riscv-none-embed/lib/rv32imacxw/ilp32\libg_nano.a(lib_a-impure.o)
                              f:/mounriver_studio/toolchain/risc-v embedded gcc/bin/../lib/gcc/riscv-none-embed/8.2.0/../../../../riscv-none-embed/lib/rv32imacxw/ilp32\libg_nano.a(lib_a-fflush.o) (_global_impure_ptr)
f:/mounriver_studio/toolchain/risc-v embedded gcc/bin/../lib/gcc/riscv-none-embed/8.2.0/../../../../riscv-none-embed/lib/rv32imacxw/ilp32\libg_nano.a(lib_a-makebuf.o)
                              f:/mounriver_studio/toolchain/risc-v embedded gcc/bin/../lib/gcc/riscv-none-embed/8.2.0/../../../../riscv-none-embed/lib/rv32imacxw/ilp32\libg_nano.a(lib_a-wsetup.o) (__smakebuf_r)
f:/mounriver_studio/toolchain/risc-v embedded gcc/bin/../lib/gcc/riscv-none-embed/8.2.0/../../../../riscv-none-embed/lib/rv32imacxw/ilp32\libg_nano.a(lib_a-nano-freer.o)
[...]
Memory Configuration

Name             Origin             Length             Attributes
FLASH            0x0000000000000000 0x0000000000048000 xr
RAM              0x0000000020000000 0x0000000000008000 xrw
*default*        0x0000000000000000 0xffffffffffffffff

Linker script and memory map

LOAD ./User/ch32v30x_it.o
LOAD ./User/main.o
LOAD ./User/sdio.o
LOAD ./User/system_ch32v30x.o
LOAD ./Startup/startup_ch32v30x_D8C.o
LOAD ./Peripheral/src/ch32v30x_adc.o
LOAD ./Peripheral/src/ch32v30x_bkp.o
LOAD ./Peripheral/src/ch32v30x_can.o
LOAD ./Peripheral/src/ch32v30x_crc.o
LOAD ./Peripheral/src/ch32v30x_dac.o
LOAD ./Peripheral/src/ch32v30x_dbgmcu.o
LOAD ./Peripheral/src/ch32v30x_dma.o
LOAD ./Peripheral/src/ch32v30x_dvp.o
LOAD ./Peripheral/src/ch32v30x_eth.o
LOAD ./Peripheral/src/ch32v30x_exti.o
LOAD ./Peripheral/src/ch32v30x_flash.o
LOAD ./Peripheral/src/ch32v30x_fsmc.o
LOAD ./Peripheral/src/ch32v30x_gpio.o
LOAD ./Peripheral/src/ch32v30x_i2c.o
LOAD ./Peripheral/src/ch32v30x_iwdg.o
LOAD ./Peripheral/src/ch32v30x_misc.o
LOAD ./Peripheral/src/ch32v30x_opa.o
LOAD ./Peripheral/src/ch32v30x_pwr.o
LOAD ./Peripheral/src/ch32v30x_rcc.o
LOAD ./Peripheral/src/ch32v30x_rng.o
LOAD ./Peripheral/src/ch32v30x_rtc.o
LOAD ./Peripheral/src/ch32v30x_sdio.o
LOAD ./Peripheral/src/ch32v30x_spi.o
LOAD ./Peripheral/src/ch32v30x_tim.o
LOAD ./Peripheral/src/ch32v30x_usart.o
LOAD ./Peripheral/src/ch32v30x_wwdg.o
LOAD ./FatFs/diskio.o
LOAD ./FatFs/ff.o
LOAD ./FatFs/ffsystem.o
LOAD ./FatFs/ffunicode.o
LOAD ./Debug/debug.o
LOAD ./Core/core_riscv.o
LOAD f:/mounriver_studio/toolchain/risc-v embedded gcc/bin/../lib/gcc/riscv-none-embed/8.2.0/../../../../riscv-none-embed/lib/rv32imacxw/ilp32\libm.a
LOAD f:/mounriver_studio/toolchain/risc-v embedded gcc/bin/../lib/gcc/riscv-none-embed/8.2.0/rv32imacxw/ilp32\libgcc.a
LOAD f:/mounriver_studio/toolchain/risc-v embedded gcc/bin/../lib/gcc/riscv-none-embed/8.2.0/../../../../riscv-none-embed/lib/rv32imacxw/ilp32\libg_nano.a
LOAD f:/mounriver_studio/toolchain/risc-v embedded gcc/bin/../lib/gcc/riscv-none-embed/8.2.0/../../../../riscv-none-embed/lib/rv32imacxw/ilp32\libc_nano.a
LOAD f:/mounriver_studio/toolchain/risc-v embedded gcc/bin/../lib/gcc/riscv-none-embed/8.2.0/rv32imacxw/ilp32\libgcc.a
START GROUP
LOAD f:/mounriver_studio/toolchain/risc-v embedded gcc/bin/../lib/gcc/riscv-none-embed/8.2.0/rv32imacxw/ilp32\libgcc.a
LOAD f:/mounriver_studio/toolchain/risc-v embedded gcc/bin/../lib/gcc/riscv-none-embed/8.2.0/../../../../riscv-none-embed/lib/rv32imacxw/ilp32\libc_nano.a
LOAD f:/mounriver_studio/toolchain/risc-v embedded gcc/bin/../lib/gcc/riscv-none-embed/8.2.0/../../../../riscv-none-embed/lib/rv32imacxw/ilp32\libnosys.a
END GROUP
START GROUP
LOAD f:/mounriver_studio/toolchain/risc-v embedded gcc/bin/../lib/gcc/riscv-none-embed/8.2.0/rv32imacxw/ilp32\libgcc.a
LOAD f:/mounriver_studio/toolchain/risc-v embedded gcc/bin/../lib/gcc/riscv-none-embed/8.2.0/../../../../riscv-none-embed/lib/rv32imacxw/ilp32\libc_nano.a
LOAD f:/mounriver_studio/toolchain/risc-v embedded gcc/bin/../lib/gcc/riscv-none-embed/8.2.0/../../../../riscv-none-embed/lib/rv32imacxw/ilp32\libnosys.a
END GROUP
                0x0000000000000800                __stack_size = 0x800
                [!provide]                        PROVIDE (_stack_size = __stack_size)

.init           0x0000000000000000        0x4
                0x0000000000000000                _sinit = .
                0x0000000000000000                . = ALIGN (0x4)
 *(SORT_NONE(.init))
 .init          0x0000000000000000        0x4 ./Startup/startup_ch32v30x_D8C.o
                0x0000000000000000                _start
                0x0000000000000004                . = ALIGN (0x4)
                0x0000000000000004                _einit = .

.vector         0x0000000000000004      0x1bc
 *(.vector)
 .vector        0x0000000000000004      0x1a0 ./Startup/startup_ch32v30x_D8C.o
                0x00000000000001c0                . = ALIGN (0x40)
 *fill*         0x00000000000001a4       0x1c 

.text           0x00000000000001c0     0x59a8
                0x00000000000001c0                . = ALIGN (0x4)
 *(.text)
 .text          0x00000000000001c0       0x60 f:/mounriver_studio/toolchain/risc-v embedded gcc/bin/../lib/gcc/riscv-none-embed/8.2.0/rv32imacxw/ilp32\libgcc.a(save-restore.o)
                0x00000000000001c0                __riscv_save_12
                0x00000000000001c8                __riscv_save_9
                0x00000000000001c8                __riscv_save_11
                0x00000000000001c8                __riscv_save_10
                0x00000000000001c8                __riscv_save_8
                0x00000000000001d6                __riscv_save_4
                0x00000000000001d6                __riscv_save_6
                0x00000000000001d6                __riscv_save_5
                0x00000000000001d6                __riscv_save_7
                0x00000000000001f0                __riscv_save_3
                0x00000000000001f0                __riscv_save_2
                0x00000000000001f0                __riscv_save_1
                0x00000000000001f0                __riscv_save_0
                0x00000000000001fc                __riscv_restore_12
                0x0000000000000200                __riscv_restore_11
                0x0000000000000200                __riscv_restore_9
                0x0000000000000200                __riscv_restore_10
                0x0000000000000200                __riscv_restore_8
                0x000000000000020a                __riscv_restore_5
                0x000000000000020a                __riscv_restore_7
                0x000000000000020a                __riscv_restore_6
                0x000000000000020a                __riscv_restore_4
                0x0000000000000214                __riscv_restore_3
                0x0000000000000214                __riscv_restore_0
                0x0000000000000214                __riscv_restore_2
                0x0000000000000214                __riscv_restore_1
 .text          0x0000000000000220       0xa8 f:/mounriver_studio/toolchain/risc-v embedded gcc/bin/../lib/gcc/riscv-none-embed/8.2.0/../../../../riscv-none-embed/lib/rv32imacxw/ilp32\libg_nano.a(lib_a-memset.o)
                0x0000000000000220                memset
 *(.text.*)
 .text.NMI_Handler
                0x00000000000002c8        0x2 ./User/ch32v30x_it.o
                0x00000000000002c8                NMI_Handler
 .text.HardFault_Handler
                0x00000000000002ca       0x10 ./User/ch32v30x_it.o
                0x00000000000002ca                HardFault_Handler
 .text.LED_GFG  0x00000000000002da       0x28 ./User/main.o
                0x00000000000002da                LED_GFG
 .text.startup.main
                0x0000000000000302      0x166 ./User/main.o
                0x0000000000000302                main
 .text.SDIO_Clock_Set
                0x0000000000000468       0x10 ./User/sdio.o
                0x0000000000000468                SDIO_Clock_Set
 .text.SD_GetCardInfo
                0x0000000000000478      0x2f6 ./User/sdio.o
                0x0000000000000478                SD_GetCardInfo
 .text.CmdError
                0x000000000000076e       0x2a ./User/sdio.o
                0x000000000000076e                CmdError
 .text.CmdResp7Error
                0x0000000000000798       0x42 ./User/sdio.o
                0x0000000000000798                CmdResp7Error
 .text.CmdResp1Error
                0x00000000000007da       0x50 ./User/sdio.o
                0x00000000000007da                CmdResp1Error
 .text.SD_SelectDeselect
                0x000000000000082a       0x2c ./User/sdio.o
                0x000000000000082a                SD_SelectDeselect
 .text.SD_ProcessIRQSrc
                0x0000000000000856      0x130 ./User/sdio.o
                0x0000000000000856                SD_ProcessIRQSrc
 .text.SDIO_IRQHandler
                0x0000000000000986        0x6 ./User/sdio.o
                0x0000000000000986                SDIO_IRQHandler
 .text.CmdResp3Error
                0x000000000000098c       0x30 ./User/sdio.o
                0x000000000000098c                CmdResp3Error
 .text.SD_PowerON
                0x00000000000009bc      0x1a4 ./User/sdio.o
                0x00000000000009bc                SD_PowerON
 .text.CmdResp2Error
                0x0000000000000b60       0x4c ./User/sdio.o
                0x0000000000000b60                CmdResp2Error
 .text.CmdResp6Error
                0x0000000000000bac       0x7c ./User/sdio.o
                0x0000000000000bac                CmdResp6Error
 .text.SD_InitializeCards
                0x0000000000000c28      0x134 ./User/sdio.o
                0x0000000000000c28                SD_InitializeCards
 .text.IsCardProgramming
                0x0000000000000d5c       0x9c ./User/sdio.o
                0x0000000000000d5c                IsCardProgramming
 .text.FindSCR  0x0000000000000df8      0x1a2 ./User/sdio.o
                0x0000000000000df8                FindSCR
 .text.SDEnWideBus
                0x0000000000000f9a       0x94 ./User/sdio.o
                0x0000000000000f9a                SDEnWideBus
 .text.SD_EnableWideBusOperation
                0x000000000000102e       0x50 ./User/sdio.o
                0x000000000000102e                SD_EnableWideBusOperation
 .text.SD_Init  0x000000000000107e       0xcc ./User/sdio.o
                0x000000000000107e                SD_Init
 .text.convert_from_bytes_to_power_of_two
                0x000000000000114a       0x16 ./User/sdio.o
                0x000000000000114a                convert_from_bytes_to_power_of_two
 .text.SD_DMA_Config
                0x0000000000001160       0x76 ./User/sdio.o
                0x0000000000001160                SD_DMA_Config
 .text.SD_ReadBlock
                0x00000000000011d6      0x23c ./User/sdio.o
                0x00000000000011d6                SD_ReadBlock
 .text.SD_ReadMultiBlocks
                0x0000000000001412      0x2d2 ./User/sdio.o
                0x0000000000001412                SD_ReadMultiBlocks
 .text.SD_WriteBlock
                0x00000000000016e4      0x334 ./User/sdio.o
                0x00000000000016e4                SD_WriteBlock
 .text.SD_WriteMultiBlocks
                0x0000000000001a18      0x368 ./User/sdio.o
                0x0000000000001a18                SD_WriteMultiBlocks
 .text.SD_ReadDisk
                0x0000000000001d80       0x78 ./User/sdio.o
                0x0000000000001d80                SD_ReadDisk
 .text.SD_WriteDisk
                0x0000000000001df8       0x76 ./User/sdio.o
                0x0000000000001df8                SD_WriteDisk
 .text.SystemInit
                0x0000000000001e6e       0xfa ./User/system_ch32v30x.o
                0x0000000000001e6e                SystemInit
 .text.SystemCoreClockUpdate
                0x0000000000001f68      0x12a ./User/system_ch32v30x.o
                0x0000000000001f68                SystemCoreClockUpdate
 .text.vector_handler
                0x0000000000002092        0x2 ./Startup/startup_ch32v30x_D8C.o
                0x0000000000002092                EXTI2_IRQHandler
                0x0000000000002092                TIM8_TRG_COM_IRQHandler
                0x0000000000002092                TIM8_CC_IRQHandler
                0x0000000000002092                UART8_IRQHandler
                0x0000000000002092                TIM1_CC_IRQHandler
                0x0000000000002092                TIM6_IRQHandler
                0x0000000000002092                SysTick_Handler
                0x0000000000002092                PVD_IRQHandler
                0x0000000000002092                TIM9_BRK_IRQHandler
                0x0000000000002092                DMA2_Channel8_IRQHandler
                0x0000000000002092                CAN2_RX1_IRQHandler
                0x0000000000002092                EXTI3_IRQHandler
                0x0000000000002092                USBHS_IRQHandler
                0x0000000000002092                DMA2_Channel9_IRQHandler
                0x0000000000002092                TIM10_CC_IRQHandler
                0x0000000000002092                USBFS_IRQHandler
                0x0000000000002092                EXTI0_IRQHandler
                0x0000000000002092                I2C2_EV_IRQHandler
                0x0000000000002092                TIM10_TRG_COM_IRQHandler
                0x0000000000002092                CAN2_SCE_IRQHandler
                0x0000000000002092                ADC1_2_IRQHandler
                0x0000000000002092                Break_Point_Handler
                0x0000000000002092                SPI1_IRQHandler
                0x0000000000002092                TAMPER_IRQHandler
                0x0000000000002092                CAN2_RX0_IRQHandler
                0x0000000000002092                TIM8_UP_IRQHandler
                0x0000000000002092                Ecall_M_Mode_Handler
                0x0000000000002092                DMA2_Channel2_IRQHandler
                0x0000000000002092                DMA1_Channel4_IRQHandler
                0x0000000000002092                TIM9_UP_IRQHandler
                0x0000000000002092                USART3_IRQHandler
                0x0000000000002092                RTC_IRQHandler
                0x0000000000002092                DMA1_Channel7_IRQHandler
                0x0000000000002092                CAN1_RX1_IRQHandler
                0x0000000000002092                DVP_IRQHandler
                0x0000000000002092                UART5_IRQHandler
                0x0000000000002092                TIM4_IRQHandler
                0x0000000000002092                DMA2_Channel1_IRQHandler
                0x0000000000002092                I2C1_EV_IRQHandler
                0x0000000000002092                DMA1_Channel6_IRQHandler
                0x0000000000002092                UART4_IRQHandler
                0x0000000000002092                DMA2_Channel4_IRQHandler
                0x0000000000002092                TIM3_IRQHandler
                0x0000000000002092                RCC_IRQHandler
                0x0000000000002092                TIM1_TRG_COM_IRQHandler
                0x0000000000002092                DMA1_Channel1_IRQHandler
                0x0000000000002092                DMA2_Channel7_IRQHandler
                0x0000000000002092                EXTI15_10_IRQHandler
                0x0000000000002092                TIM7_IRQHandler
                0x0000000000002092                CAN2_TX_IRQHandler
                0x0000000000002092                TIM5_IRQHandler
                0x0000000000002092                EXTI9_5_IRQHandler
                0x0000000000002092                ETH_WKUP_IRQHandler
                0x0000000000002092                SPI2_IRQHandler
                0x0000000000002092                TIM10_BRK_IRQHandler
                0x0000000000002092                TIM9_CC_IRQHandler
                0x0000000000002092                DMA2_Channel5_IRQHandler
                0x0000000000002092                DMA1_Channel5_IRQHandler
                0x0000000000002092                EXTI4_IRQHandler
                0x0000000000002092                USB_LP_CAN1_RX0_IRQHandler
                0x0000000000002092                RNG_IRQHandler
                0x0000000000002092                USB_HP_CAN1_TX_IRQHandler
                0x0000000000002092                DMA1_Channel3_IRQHandler
                0x0000000000002092                ETH_IRQHandler
                0x0000000000002092                TIM1_UP_IRQHandler
                0x0000000000002092                WWDG_IRQHandler
                0x0000000000002092                USBHSWakeup_IRQHandler
                0x0000000000002092                DMA2_Channel11_IRQHandler
                0x0000000000002092                Ecall_U_Mode_Handler
                0x0000000000002092                DMA2_Channel6_IRQHandler
                0x0000000000002092                TIM2_IRQHandler
                0x0000000000002092                SW_Handler
                0x0000000000002092                TIM1_BRK_IRQHandler
                0x0000000000002092                DMA2_Channel10_IRQHandler
                0x0000000000002092                EXTI1_IRQHandler
                0x0000000000002092                RTCAlarm_IRQHandler
                0x0000000000002092                TIM10_UP_IRQHandler
                0x0000000000002092                TIM9_TRG_COM_IRQHandler
                0x0000000000002092                UART7_IRQHandler
                0x0000000000002092                USART2_IRQHandler
                0x0000000000002092                UART6_IRQHandler
                0x0000000000002092                I2C2_ER_IRQHandler
                0x0000000000002092                DMA1_Channel2_IRQHandler
                0x0000000000002092                TIM8_BRK_IRQHandler
                0x0000000000002092                CAN1_SCE_IRQHandler
                0x0000000000002092                FLASH_IRQHandler
                0x0000000000002092                USART1_IRQHandler
                0x0000000000002092                SPI3_IRQHandler
                0x0000000000002092                I2C1_ER_IRQHandler
                0x0000000000002092                USBWakeUp_IRQHandler
                0x0000000000002092                DMA2_Channel3_IRQHandler
 .text.handle_reset
                0x0000000000002094       0x8a ./Startup/startup_ch32v30x_D8C.o
                0x0000000000002094                handle_reset
 .text.DBGMCU_GetCHIPID
                0x000000000000211e        0xa ./Peripheral/src/ch32v30x_dbgmcu.o
                0x000000000000211e                DBGMCU_GetCHIPID
 .text.DMA_DeInit
                0x0000000000002128      0x16c ./Peripheral/src/ch32v30x_dma.o
                0x0000000000002128                DMA_DeInit
 .text.DMA_Init
                0x0000000000002294       0x38 ./Peripheral/src/ch32v30x_dma.o
                0x0000000000002294                DMA_Init
 .text.DMA_Cmd  0x00000000000022cc       0x14 ./Peripheral/src/ch32v30x_dma.o
                0x00000000000022cc                DMA_Cmd
 .text.GPIO_Init
                0x00000000000022e0       0xc0 ./Peripheral/src/ch32v30x_gpio.o
                0x00000000000022e0                GPIO_Init
 .text.GPIO_ReadInputDataBit
                0x00000000000023a0        0xa ./Peripheral/src/ch32v30x_gpio.o
                0x00000000000023a0                GPIO_ReadInputDataBit
 .text.GPIO_WriteBit
                0x00000000000023aa        0xa ./Peripheral/src/ch32v30x_gpio.o
                0x00000000000023aa                GPIO_WriteBit
 .text.NVIC_PriorityGroupConfig
                0x00000000000023b4        0x6 ./Peripheral/src/ch32v30x_misc.o
                0x00000000000023b4                NVIC_PriorityGroupConfig
 .text.NVIC_Init
                0x00000000000023ba       0x4e ./Peripheral/src/ch32v30x_misc.o
                0x00000000000023ba                NVIC_Init
 .text.RCC_GetClocksFreq
                0x0000000000002408      0x176 ./Peripheral/src/ch32v30x_rcc.o
                0x0000000000002408                RCC_GetClocksFreq
 .text.RCC_AHBPeriphClockCmd
                0x000000000000257e       0x1e ./Peripheral/src/ch32v30x_rcc.o
                0x000000000000257e                RCC_AHBPeriphClockCmd
 .text.RCC_APB2PeriphClockCmd
                0x000000000000259c       0x1e ./Peripheral/src/ch32v30x_rcc.o
                0x000000000000259c                RCC_APB2PeriphClockCmd
 .text.SDIO_DeInit
                0x00000000000025ba       0x30 ./Peripheral/src/ch32v30x_sdio.o
                0x00000000000025ba                SDIO_DeInit
 .text.SDIO_Init
                0x00000000000025ea       0x2a ./Peripheral/src/ch32v30x_sdio.o
                0x00000000000025ea                SDIO_Init
 .text.SDIO_ClockCmd
                0x0000000000002614       0x16 ./Peripheral/src/ch32v30x_sdio.o
                0x0000000000002614                SDIO_ClockCmd
 .text.SDIO_SetPowerState
                0x000000000000262a       0x12 ./Peripheral/src/ch32v30x_sdio.o
                0x000000000000262a                SDIO_SetPowerState
 .text.SDIO_GetPowerState
                0x000000000000263c        0xa ./Peripheral/src/ch32v30x_sdio.o
                0x000000000000263c                SDIO_GetPowerState
 .text.SDIO_DMACmd
                0x0000000000002646       0x14 ./Peripheral/src/ch32v30x_sdio.o
                0x0000000000002646                SDIO_DMACmd
 .text.SDIO_SendCommand
                0x000000000000265a       0x22 ./Peripheral/src/ch32v30x_sdio.o
                0x000000000000265a                SDIO_SendCommand
 .text.SDIO_DataConfig
                0x000000000000267c       0x26 ./Peripheral/src/ch32v30x_sdio.o
                0x000000000000267c                SDIO_DataConfig
 .text.SDIO_ReadData
                0x00000000000026a2        0xa ./Peripheral/src/ch32v30x_sdio.o
                0x00000000000026a2                SDIO_ReadData
 .text.SDIO_WriteData
                0x00000000000026ac        0xa ./Peripheral/src/ch32v30x_sdio.o
                0x00000000000026ac                SDIO_WriteData
 .text.SDIO_GetFlagStatus
                0x00000000000026b6        0xe ./Peripheral/src/ch32v30x_sdio.o
                0x00000000000026b6                SDIO_GetFlagStatus
 .text.SDIO_ClearFlag
                0x00000000000026c4        0x8 ./Peripheral/src/ch32v30x_sdio.o
                0x00000000000026c4                SDIO_ClearFlag
 .text.USART_Init
                0x00000000000026cc       0x90 ./Peripheral/src/ch32v30x_usart.o
                0x00000000000026cc                USART_Init
 .text.USART_Cmd
                0x000000000000275c       0x16 ./Peripheral/src/ch32v30x_usart.o
                0x000000000000275c                USART_Cmd
 .text.USART_SendData
                0x0000000000002772        0x8 ./Peripheral/src/ch32v30x_usart.o
                0x0000000000002772                USART_SendData
 .text.USART_GetFlagStatus
                0x000000000000277a        0xa ./Peripheral/src/ch32v30x_usart.o
                0x000000000000277a                USART_GetFlagStatus
 .text.disk_status
                0x0000000000002784        0x8 ./FatFs/diskio.o
                0x0000000000002784                disk_status
 .text.disk_initialize
                0x000000000000278c       0x1a ./FatFs/diskio.o
                0x000000000000278c                disk_initialize
 .text.disk_read
                0x00000000000027a6       0x20 ./FatFs/diskio.o
                0x00000000000027a6                disk_read
 .text.disk_write
                0x00000000000027c6       0x20 ./FatFs/diskio.o
                0x00000000000027c6                disk_write
 .text.disk_ioctl
                0x00000000000027e6       0x3a ./FatFs/diskio.o
                0x00000000000027e6                disk_ioctl
 .text.get_fattime
                0x0000000000002820        0x4 ./FatFs/diskio.o
                0x0000000000002820                get_fattime
 .text.ld_dword
                0x0000000000002824       0x16 ./FatFs/ff.o
 .text.st_dword
                0x000000000000283a       0x14 ./FatFs/ff.o
 .text.clst2sect
                0x000000000000284e       0x1a ./FatFs/ff.o
 .text.get_ldnumber
                0x0000000000002868       0x52 ./FatFs/ff.o
 .text.validate
                0x00000000000028ba       0x3e ./FatFs/ff.o
 .text.ld_clust.isra.0
                0x00000000000028f8       0x1e ./FatFs/ff.o
 .text.st_clust.isra.1
                0x0000000000002916       0x1e ./FatFs/ff.o
 .text.sync_window.part.3
                0x0000000000002934       0x46 ./FatFs/ff.o
 .text.move_window
                0x000000000000297a       0x3e ./FatFs/ff.o
 .text.check_fs
                0x00000000000029b8       0xec ./FatFs/ff.o
 .text.put_fat  0x0000000000002aa4      0x118 ./FatFs/ff.o
 .text.get_fat.isra.6
                0x0000000000002bbc       0xca ./FatFs/ff.o
 .text.create_chain
                0x0000000000002c86       0xf0 ./FatFs/ff.o
 .text.remove_chain
                0x0000000000002d76       0x7a ./FatFs/ff.o
 .text.mount_volume
                0x0000000000002df0      0x2b4 ./FatFs/ff.o
 .text.dir_sdi.constprop.13
                0x00000000000030a4       0x74 ./FatFs/ff.o
 .text.sync_fs  0x0000000000003118       0xb4 ./FatFs/ff.o
 .text.dir_clear
                0x00000000000031cc       0x60 ./FatFs/ff.o
 .text.dir_next
                0x000000000000322c       0xbc ./FatFs/ff.o
 .text.follow_path
                0x00000000000032e8      0x214 ./FatFs/ff.o
 .text.dir_register
                0x00000000000034fc       0x72 ./FatFs/ff.o
 .text.f_mount  0x000000000000356e       0x5a ./FatFs/ff.o
                0x000000000000356e                f_mount
 .text.f_open   0x00000000000035c8      0x1d6 ./FatFs/ff.o
                0x00000000000035c8                f_open
 .text.f_write  0x000000000000379e      0x19c ./FatFs/ff.o
                0x000000000000379e                f_write
 .text.f_sync   0x000000000000393a       0x9c ./FatFs/ff.o
                0x000000000000393a                f_sync
 .text.f_close  0x00000000000039d6       0x22 ./FatFs/ff.o
                0x00000000000039d6                f_close
 .text.f_mkfs   0x00000000000039f8      0x6e6 ./FatFs/ff.o
                0x00000000000039f8                f_mkfs
 .text.Delay_Init
                0x00000000000040de       0x26 ./Debug/debug.o
                0x00000000000040de                Delay_Init
 .text.Delay_Ms
                0x0000000000004104       0x36 ./Debug/debug.o
                0x0000000000004104                Delay_Ms
 .text.USART_Printf_Init
                0x000000000000413a       0x5a ./Debug/debug.o
                0x000000000000413a                USART_Printf_Init
 .text._write   0x0000000000004194       0x3e ./Debug/debug.o
                0x0000000000004194                _write
 .text._sbrk    0x00000000000041d2       0x26 ./Debug/debug.o
                0x00000000000041d2                _sbrk
 .text.__divdi3
                0x00000000000041f8      0x3d4 f:/mounriver_studio/toolchain/risc-v embedded gcc/bin/../lib/gcc/riscv-none-embed/8.2.0/rv32imacxw/ilp32\libgcc.a(_divdi3.o)
                0x00000000000041f8                __divdi3
 .text.memcmp   0x00000000000045cc       0x24 f:/mounriver_studio/toolchain/risc-v embedded gcc/bin/../lib/gcc/riscv-none-embed/8.2.0/../../../../riscv-none-embed/lib/rv32imacxw/ilp32\libg_nano.a(lib_a-memcmp.o)
                0x00000000000045cc                memcmp
 .text.memcpy   0x00000000000045f0       0xb2 f:/mounriver_studio/toolchain/risc-v embedded gcc/bin/../lib/gcc/riscv-none-embed/8.2.0/../../../../riscv-none-embed/lib/rv32imacxw/ilp32\libg_nano.a(lib_a-memcpy.o)
                0x00000000000045f0                memcpy
 .text.printf   0x00000000000046a2       0x40 f:/mounriver_studio/toolchain/risc-v embedded gcc/bin/../lib/gcc/riscv-none-embed/8.2.0/../../../../riscv-none-embed/lib/rv32imacxw/ilp32\libg_nano.a(lib_a-printf.o)
                0x00000000000046a2                iprintf
                0x00000000000046a2                printf
 .text._puts_r  0x00000000000046e2       0xd4 f:/mounriver_studio/toolchain/risc-v embedded gcc/bin/../lib/gcc/riscv-none-embed/8.2.0/../../../../riscv-none-embed/lib/rv32imacxw/ilp32\libg_nano.a(lib_a-puts.o)
                0x00000000000046e2                _puts_r
 .text.puts     0x00000000000047b6        0xc f:/mounriver_studio/toolchain/risc-v embedded gcc/bin/../lib/gcc/riscv-none-embed/8.2.0/../../../../riscv-none-embed/lib/rv32imacxw/ilp32\libg_nano.a(lib_a-puts.o)
                0x00000000000047b6                puts
 .text.strchr   0x00000000000047c2       0x18 f:/mounriver_studio/toolchain/risc-v embedded gcc/bin/../lib/gcc/riscv-none-embed/8.2.0/../../../../riscv-none-embed/lib/rv32imacxw/ilp32\libg_nano.a(lib_a-strchr.o)
                0x00000000000047c2                strchr
 .text.__swbuf_r
                0x00000000000047da       0xbc f:/mounriver_studio/toolchain/risc-v embedded gcc/bin/../lib/gcc/riscv-none-embed/8.2.0/../../../../riscv-none-embed/lib/rv32imacxw/ilp32\libg_nano.a(lib_a-wbuf.o)
                0x00000000000047da                __swbuf_r
 .text.__swsetup_r
                0x0000000000004896       0xfc f:/mounriver_studio/toolchain/risc-v embedded gcc/bin/../lib/gcc/riscv-none-embed/8.2.0/../../../../riscv-none-embed/lib/rv32imacxw/ilp32\libg_nano.a(lib_a-wsetup.o)
                0x0000000000004896                __swsetup_r
 .text.__sflush_r
                0x0000000000004992      0x130 f:/mounriver_studio/toolchain/risc-v embedded gcc/bin/../lib/gcc/riscv-none-embed/8.2.0/../../../../riscv-none-embed/lib/rv32imacxw/ilp32\libg_nano.a(lib_a-fflush.o)
                0x0000000000004992                __sflush_r
 .text._fflush_r
                0x0000000000004ac2       0x66 f:/mounriver_studio/toolchain/risc-v embedded gcc/bin/../lib/gcc/riscv-none-embed/8.2.0/../../../../riscv-none-embed/lib/rv32imacxw/ilp32\libg_nano.a(lib_a-fflush.o)
                0x0000000000004ac2                _fflush_r
 .text.std      0x0000000000004b28       0x66 f:/mounriver_studio/toolchain/risc-v embedded gcc/bin/../lib/gcc/riscv-none-embed/8.2.0/../../../../riscv-none-embed/lib/rv32imacxw/ilp32\libg_nano.a(lib_a-findfp.o)
 .text._cleanup_r
                0x0000000000004b8e        0xa f:/mounriver_studio/toolchain/risc-v embedded gcc/bin/../lib/gcc/riscv-none-embed/8.2.0/../../../../riscv-none-embed/lib/rv32imacxw/ilp32\libg_nano.a(lib_a-findfp.o)
                0x0000000000004b8e                _cleanup_r
 .text.__sfmoreglue
                0x0000000000004b98       0x46 f:/mounriver_studio/toolchain/risc-v embedded gcc/bin/../lib/gcc/riscv-none-embed/8.2.0/../../../../riscv-none-embed/lib/rv32imacxw/ilp32\libg_nano.a(lib_a-findfp.o)
                0x0000000000004b98                __sfmoreglue
 .text.__sinit  0x0000000000004bde       0x6c f:/mounriver_studio/toolchain/risc-v embedded gcc/bin/../lib/gcc/riscv-none-embed/8.2.0/../../../../riscv-none-embed/lib/rv32imacxw/ilp32\libg_nano.a(lib_a-findfp.o)
                0x0000000000004bde                __sinit
 .text.__sfp    0x0000000000004c4a       0xa0 f:/mounriver_studio/toolchain/risc-v embedded gcc/bin/../lib/gcc/riscv-none-embed/8.2.0/../../../../riscv-none-embed/lib/rv32imacxw/ilp32\libg_nano.a(lib_a-findfp.o)
                0x0000000000004c4a                __sfp
 .text._fwalk_reent
                0x0000000000004cea       0x6a f:/mounriver_studio/toolchain/risc-v embedded gcc/bin/../lib/gcc/riscv-none-embed/8.2.0/../../../../riscv-none-embed/lib/rv32imacxw/ilp32\libg_nano.a(lib_a-fwalk.o)
                0x0000000000004cea                _fwalk_reent
 .text.__swhatbuf_r
                0x0000000000004d54       0x58 f:/mounriver_studio/toolchain/risc-v embedded gcc/bin/../lib/gcc/riscv-none-embed/8.2.0/../../../../riscv-none-embed/lib/rv32imacxw/ilp32\libg_nano.a(lib_a-makebuf.o)
                0x0000000000004d54                __swhatbuf_r
 .text.__smakebuf_r
                0x0000000000004dac       0x92 f:/mounriver_studio/toolchain/risc-v embedded gcc/bin/../lib/gcc/riscv-none-embed/8.2.0/../../../../riscv-none-embed/lib/rv32imacxw/ilp32\libg_nano.a(lib_a-makebuf.o)
                0x0000000000004dac                __smakebuf_r
 .text._free_r  0x0000000000004e3e       0xa8 f:/mounriver_studio/toolchain/risc-v embedded gcc/bin/../lib/gcc/riscv-none-embed/8.2.0/../../../../riscv-none-embed/lib/rv32imacxw/ilp32\libg_nano.a(lib_a-nano-freer.o)
                0x0000000000004e3e                _free_r
 .text._malloc_r
                0x0000000000004ee6       0xd4 f:/mounriver_studio/toolchain/risc-v embedded gcc/bin/../lib/gcc/riscv-none-embed/8.2.0/../../../../riscv-none-embed/lib/rv32imacxw/ilp32\libg_nano.a(lib_a-nano-mallocr.o)
                0x0000000000004ee6                _malloc_r
 .text.__sfputc_r
                0x0000000000004fba       0x28 f:/mounriver_studio/toolchain/risc-v embedded gcc/bin/../lib/gcc/riscv-none-embed/8.2.0/../../../../riscv-none-embed/lib/rv32imacxw/ilp32\libg_nano.a(lib_a-nano-vfprintf.o)
 .text.__sfputs_r
                0x0000000000004fe2       0x42 f:/mounriver_studio/toolchain/risc-v embedded gcc/bin/../lib/gcc/riscv-none-embed/8.2.0/../../../../riscv-none-embed/lib/rv32imacxw/ilp32\libg_nano.a(lib_a-nano-vfprintf.o)
                0x0000000000004fe2                __sfputs_r
 .text._vfprintf_r
                0x0000000000005024      0x288 f:/mounriver_studio/toolchain/risc-v embedded gcc/bin/../lib/gcc/riscv-none-embed/8.2.0/../../../../riscv-none-embed/lib/rv32imacxw/ilp32\libg_nano.a(lib_a-nano-vfprintf.o)
                0x0000000000005024                _vfprintf_r
                0x0000000000005024                _vfiprintf_r
 .text._printf_common
                0x00000000000052ac      0x10c f:/mounriver_studio/toolchain/risc-v embedded gcc/bin/../lib/gcc/riscv-none-embed/8.2.0/../../../../riscv-none-embed/lib/rv32imacxw/ilp32\libg_nano.a(lib_a-nano-vfprintf_i.o)
                0x00000000000052ac                _printf_common
 .text._printf_i
                0x00000000000053b8      0x2a2 f:/mounriver_studio/toolchain/risc-v embedded gcc/bin/../lib/gcc/riscv-none-embed/8.2.0/../../../../riscv-none-embed/lib/rv32imacxw/ilp32\libg_nano.a(lib_a-nano-vfprintf_i.o)
                0x00000000000053b8                _printf_i
 .text._sbrk_r  0x000000000000565a       0x2a f:/mounriver_studio/toolchain/risc-v embedded gcc/bin/../lib/gcc/riscv-none-embed/8.2.0/../../../../riscv-none-embed/lib/rv32imacxw/ilp32\libg_nano.a(lib_a-sbrkr.o)
                0x000000000000565a                _sbrk_r
 .text.__sread  0x0000000000005684       0x2c f:/mounriver_studio/toolchain/risc-v embedded gcc/bin/../lib/gcc/riscv-none-embed/8.2.0/../../../../riscv-none-embed/lib/rv32imacxw/ilp32\libg_nano.a(lib_a-stdio.o)
                0x0000000000005684                __sread
 .text.__swrite
                0x00000000000056b0       0x48 f:/mounriver_studio/toolchain/risc-v embedded gcc/bin/../lib/gcc/riscv-none-embed/8.2.0/../../../../riscv-none-embed/lib/rv32imacxw/ilp32\libg_nano.a(lib_a-stdio.o)
                0x00000000000056b0                __swrite
 .text.__sseek  0x00000000000056f8       0x30 f:/mounriver_studio/toolchain/risc-v embedded gcc/bin/../lib/gcc/riscv-none-embed/8.2.0/../../../../riscv-none-embed/lib/rv32imacxw/ilp32\libg_nano.a(lib_a-stdio.o)
                0x00000000000056f8                __sseek
 .text.__sclose
                0x0000000000005728        0x6 f:/mounriver_studio/toolchain/risc-v embedded gcc/bin/../lib/gcc/riscv-none-embed/8.2.0/../../../../riscv-none-embed/lib/rv32imacxw/ilp32\libg_nano.a(lib_a-stdio.o)
                0x0000000000005728                __sclose
 .text._write_r
                0x000000000000572e       0x2e f:/mounriver_studio/toolchain/risc-v embedded gcc/bin/../lib/gcc/riscv-none-embed/8.2.0/../../../../riscv-none-embed/lib/rv32imacxw/ilp32\libg_nano.a(lib_a-writer.o)
                0x000000000000572e                _write_r
 .text._close_r
                0x000000000000575c       0x28 f:/mounriver_studio/toolchain/risc-v embedded gcc/bin/../lib/gcc/riscv-none-embed/8.2.0/../../../../riscv-none-embed/lib/rv32imacxw/ilp32\libg_nano.a(lib_a-closer.o)
                0x000000000000575c                _close_r
 .text._fstat_r
                0x0000000000005784       0x2a f:/mounriver_studio/toolchain/risc-v embedded gcc/bin/../lib/gcc/riscv-none-embed/8.2.0/../../../../riscv-none-embed/lib/rv32imacxw/ilp32\libg_nano.a(lib_a-fstatr.o)
                0x0000000000005784                _fstat_r
 .text._isatty_r
                0x00000000000057ae       0x28 f:/mounriver_studio/toolchain/risc-v embedded gcc/bin/../lib/gcc/riscv-none-embed/8.2.0/../../../../riscv-none-embed/lib/rv32imacxw/ilp32\libg_nano.a(lib_a-isattyr.o)
                0x00000000000057ae                _isatty_r
 .text._lseek_r
                0x00000000000057d6       0x2c f:/mounriver_studio/toolchain/risc-v embedded gcc/bin/../lib/gcc/riscv-none-embed/8.2.0/../../../../riscv-none-embed/lib/rv32imacxw/ilp32\libg_nano.a(lib_a-lseekr.o)
                0x00000000000057d6                _lseek_r
 .text.memchr   0x0000000000005802       0x18 f:/mounriver_studio/toolchain/risc-v embedded gcc/bin/../lib/gcc/riscv-none-embed/8.2.0/../../../../riscv-none-embed/lib/rv32imacxw/ilp32\libg_nano.a(lib_a-memchr.o)
                0x0000000000005802                memchr
 .text.__malloc_lock
                0x000000000000581a        0x2 f:/mounriver_studio/toolchain/risc-v embedded gcc/bin/../lib/gcc/riscv-none-embed/8.2.0/../../../../riscv-none-embed/lib/rv32imacxw/ilp32\libg_nano.a(lib_a-mlock.o)
                0x000000000000581a                __malloc_lock
 .text.__malloc_unlock
                0x000000000000581c        0x2 f:/mounriver_studio/toolchain/risc-v embedded gcc/bin/../lib/gcc/riscv-none-embed/8.2.0/../../../../riscv-none-embed/lib/rv32imacxw/ilp32\libg_nano.a(lib_a-mlock.o)
                0x000000000000581c                __malloc_unlock
 .text._read_r  0x000000000000581e       0x2c f:/mounriver_studio/toolchain/risc-v embedded gcc/bin/../lib/gcc/riscv-none-embed/8.2.0/../../../../riscv-none-embed/lib/rv32imacxw/ilp32\libg_nano.a(lib_a-readr.o)
                0x000000000000581e                _read_r
 .text._close   0x000000000000584a        0xc f:/mounriver_studio/toolchain/risc-v embedded gcc/bin/../lib/gcc/riscv-none-embed/8.2.0/../../../../riscv-none-embed/lib/rv32imacxw/ilp32\libnosys.a(close.o)
                0x000000000000584a                _close
 .text._fstat   0x0000000000005856        0xc f:/mounriver_studio/toolchain/risc-v embedded gcc/bin/../lib/gcc/riscv-none-embed/8.2.0/../../../../riscv-none-embed/lib/rv32imacxw/ilp32\libnosys.a(fstat.o)
                0x0000000000005856                _fstat
 .text._isatty  0x0000000000005862        0xc f:/mounriver_studio/toolchain/risc-v embedded gcc/bin/../lib/gcc/riscv-none-embed/8.2.0/../../../../riscv-none-embed/lib/rv32imacxw/ilp32\libnosys.a(isatty.o)
                0x0000000000005862                _isatty
 .text._lseek   0x000000000000586e        0xc f:/mounriver_studio/toolchain/risc-v embedded gcc/bin/../lib/gcc/riscv-none-embed/8.2.0/../../../../riscv-none-embed/lib/rv32imacxw/ilp32\libnosys.a(lseek.o)
                0x000000000000586e                _lseek
 .text._read    0x000000000000587a        0xc f:/mounriver_studio/toolchain/risc-v embedded gcc/bin/../lib/gcc/riscv-none-embed/8.2.0/../../../../riscv-none-embed/lib/rv32imacxw/ilp32\libnosys.a(read.o)
                0x000000000000587a                _read
 *(.rodata)
 *(.rodata*)
 *fill*         0x0000000000005886        0x2 
 .rodata.main.str1.4
                0x0000000000005888       0xc3 ./User/main.o
 *fill*         0x000000000000594b        0x1 
 .rodata.check_fs.str1.4
                0x000000000000594c        0x9 ./FatFs/ff.o
 *fill*         0x0000000000005955        0x3 
 .rodata.cst.6295
                0x0000000000005958        0xe ./FatFs/ff.o
 *fill*         0x0000000000005966        0x2 
 .rodata.cst32.6296
                0x0000000000005968        0xe ./FatFs/ff.o
 *fill*         0x0000000000005976        0x2 
 .rodata.defopt.6297
                0x0000000000005978       0x10 ./FatFs/ff.o
 .rodata.f_mkfs.str1.4
                0x0000000000005988       0x34 ./FatFs/ff.o
 .rodata.follow_path.str1.4
                0x00000000000059bc        0xf ./FatFs/ff.o
 *fill*         0x00000000000059cb        0x1 
 .rodata.__clz_tab
                0x00000000000059cc      0x100 f:/mounriver_studio/toolchain/risc-v embedded gcc/bin/../lib/gcc/riscv-none-embed/8.2.0/rv32imacxw/ilp32\libgcc.a(_clz.o)
                0x00000000000059cc                __clz_tab
 .rodata.__sf_fake_stderr
                0x0000000000005acc       0x20 f:/mounriver_studio/toolchain/risc-v embedded gcc/bin/../lib/gcc/riscv-none-embed/8.2.0/../../../../riscv-none-embed/lib/rv32imacxw/ilp32\libg_nano.a(lib_a-findfp.o)
                0x0000000000005acc                __sf_fake_stderr
 .rodata.__sf_fake_stdin
                0x0000000000005aec       0x20 f:/mounriver_studio/toolchain/risc-v embedded gcc/bin/../lib/gcc/riscv-none-embed/8.2.0/../../../../riscv-none-embed/lib/rv32imacxw/ilp32\libg_nano.a(lib_a-findfp.o)
                0x0000000000005aec                __sf_fake_stdin
 .rodata.__sf_fake_stdout
                0x0000000000005b0c       0x20 f:/mounriver_studio/toolchain/risc-v embedded gcc/bin/../lib/gcc/riscv-none-embed/8.2.0/../../../../riscv-none-embed/lib/rv32imacxw/ilp32\libg_nano.a(lib_a-findfp.o)
                0x0000000000005b0c                __sf_fake_stdout
 .rodata._vfprintf_r.str1.4
                0x0000000000005b2c       0x13 f:/mounriver_studio/toolchain/risc-v embedded gcc/bin/../lib/gcc/riscv-none-embed/8.2.0/../../../../riscv-none-embed/lib/rv32imacxw/ilp32\libg_nano.a(lib_a-nano-vfprintf.o)
 *fill*         0x0000000000005b3f        0x1 
 .rodata._printf_i.str1.4
                0x0000000000005b40       0x28 f:/mounriver_studio/toolchain/risc-v embedded gcc/bin/../lib/gcc/riscv-none-embed/8.2.0/../../../../riscv-none-embed/lib/rv32imacxw/ilp32\libg_nano.a(lib_a-nano-vfprintf_i.o)
                                         0x25 (size before relaxing)
 *(.gnu.linkonce.t.*)
                0x0000000000005b68                . = ALIGN (0x4)

.rela.dyn       0x0000000000005b68        0x0
 .rela.init     0x0000000000005b68        0x0 ./User/ch32v30x_it.o
 .rela.vector   0x0000000000005b68        0x0 ./User/ch32v30x_it.o
 .rela.text.handle_reset
                0x0000000000005b68        0x0 ./User/ch32v30x_it.o
 .rela.text._sbrk
                0x0000000000005b68        0x0 ./User/ch32v30x_it.o
 .rela.sdata.curbrk.5274
                0x0000000000005b68        0x0 ./User/ch32v30x_it.o
 .rela.text._vfprintf_r
                0x0000000000005b68        0x0 ./User/ch32v30x_it.o
 .rela.text._sbrk_r
                0x0000000000005b68        0x0 ./User/ch32v30x_it.o
 .rela.text._write_r
                0x0000000000005b68        0x0 ./User/ch32v30x_it.o
 .rela.text._close_r
                0x0000000000005b68        0x0 ./User/ch32v30x_it.o
 .rela.text._fstat_r
                0x0000000000005b68        0x0 ./User/ch32v30x_it.o
 .rela.text._isatty_r
                0x0000000000005b68        0x0 ./User/ch32v30x_it.o
 .rela.text._lseek_r
                0x0000000000005b68        0x0 ./User/ch32v30x_it.o
 .rela.text._read_r
                0x0000000000005b68        0x0 ./User/ch32v30x_it.o
 .rela.text._close
                0x0000000000005b68        0x0 ./User/ch32v30x_it.o
 .rela.text._fstat
                0x0000000000005b68        0x0 ./User/ch32v30x_it.o
 .rela.text._isatty
                0x0000000000005b68        0x0 ./User/ch32v30x_it.o
 .rela.text._lseek
                0x0000000000005b68        0x0 ./User/ch32v30x_it.o
 .rela.text._read
                0x0000000000005b68        0x0 ./User/ch32v30x_it.o

.fini           0x0000000000005b68        0x0
 *(SORT_NONE(.fini))
                0x0000000000005b68                . = ALIGN (0x4)
                [!provide]                        PROVIDE (_etext = .)
                [!provide]                        PROVIDE (_eitcm = .)

.preinit_array  0x0000000000005b68        0x0
                [!provide]                        PROVIDE (__preinit_array_start = .)
 *(.preinit_array)
                [!provide]                        PROVIDE (__preinit_array_end = .)

.init_array     0x0000000000005b68        0x0
                [!provide]                        PROVIDE (__init_array_start = .)
 *(SORT_BY_INIT_PRIORITY(.init_array.*) SORT_BY_INIT_PRIORITY(.ctors.*))
 *(.init_array EXCLUDE_FILE(*crtend?.o *crtend.o *crtbegin?.o *crtbegin.o) .ctors)
                [!provide]                        PROVIDE (__init_array_end = .)

.fini_array     0x0000000000005b68        0x0
                [!provide]                        PROVIDE (__fini_array_start = .)
 *(SORT_BY_INIT_PRIORITY(.fini_array.*) SORT_BY_INIT_PRIORITY(.dtors.*))
 *(.fini_array EXCLUDE_FILE(*crtend?.o *crtend.o *crtbegin?.o *crtbegin.o) .dtors)
                [!provide]                        PROVIDE (__fini_array_end = .)

.ctors
 *crtbegin.o(.ctors)
 *crtbegin?.o(.ctors)
 *(EXCLUDE_FILE(*crtend?.o *crtend.o) .ctors)
 *(SORT_BY_NAME(.ctors.*))
 *(.ctors)

.dtors
 *crtbegin.o(.dtors)
 *crtbegin?.o(.dtors)
 *(EXCLUDE_FILE(*crtend?.o *crtend.o) .dtors)
 *(SORT_BY_NAME(.dtors.*))
 *(.dtors)

.dalign         0x0000000020000000        0x0 load address 0x0000000000005b68
                0x0000000020000000                . = ALIGN (0x4)
                0x0000000020000000                PROVIDE (_data_vma = .)

.dlalign        0x0000000000005b68        0x0
                0x0000000000005b68                . = ALIGN (0x4)
                0x0000000000005b68                PROVIDE (_data_lma = .)

.data           0x0000000020000000       0xa0 load address 0x0000000000005b68
 *(.gnu.linkonce.r.*)
 *(.data .data.*)
 .data.AHBPrescTable
                0x0000000020000000       0x10 ./User/system_ch32v30x.o
                0x0000000020000000                AHBPrescTable
 .data.APBAHBPrescTable
                0x0000000020000010       0x10 ./Peripheral/src/ch32v30x_rcc.o
 .data.impure_data
                0x0000000020000020       0x60 f:/mounriver_studio/toolchain/risc-v embedded gcc/bin/../lib/gcc/riscv-none-embed/8.2.0/../../../../riscv-none-embed/lib/rv32imacxw/ilp32\libg_nano.a(lib_a-impure.o)
 *(.gnu.linkonce.d.*)
                0x0000000020000080                . = ALIGN (0x8)
                0x0000000020000880                PROVIDE (__global_pointer$ = (. + 0x800))
 *(.sdata .sdata.*)
 .sdata.WriteBuffer
                0x0000000020000080        0x7 ./User/main.o
                0x0000000020000080                WriteBuffer
 *fill*         0x0000000020000087        0x1 
 .sdata.SystemCoreClock
                0x0000000020000088        0x4 ./User/system_ch32v30x.o
                0x0000000020000088                SystemCoreClock
 .sdata.ADCPrescTable
                0x000000002000008c        0x4 ./Peripheral/src/ch32v30x_rcc.o
 .sdata.curbrk.5274
                0x0000000020000090        0x4 ./Debug/debug.o
 .sdata._impure_ptr
                0x0000000020000094        0x4 f:/mounriver_studio/toolchain/risc-v embedded gcc/bin/../lib/gcc/riscv-none-embed/8.2.0/../../../../riscv-none-embed/lib/rv32imacxw/ilp32\libg_nano.a(lib_a-impure.o)
                0x0000000020000094                _impure_ptr
 *(.sdata2.*)
 .sdata2._global_impure_ptr
                0x0000000020000098        0x4 f:/mounriver_studio/toolchain/risc-v embedded gcc/bin/../lib/gcc/riscv-none-embed/8.2.0/../../../../riscv-none-embed/lib/rv32imacxw/ilp32\libg_nano.a(lib_a-impure.o)
                0x0000000020000098                _global_impure_ptr
 *(.gnu.linkonce.s.*)
                0x00000000200000a0                . = ALIGN (0x8)
 *fill*         0x000000002000009c        0x4 
 *(.srodata.cst16)
 *(.srodata.cst8)
 *(.srodata.cst4)
 *(.srodata.cst2)
 *(.srodata .srodata.*)
                0x00000000200000a0                . = ALIGN (0x4)
                0x00000000200000a0                PROVIDE (_edata = .)

.bss            0x00000000200000a0      0x954 load address 0x0000000000005c08
                0x00000000200000a0                . = ALIGN (0x4)
                0x00000000200000a0                PROVIDE (_sbss = .)
 *(.sbss*)
 .sbss.fnum     0x00000000200000a0        0x4 ./User/main.o
                0x00000000200000a0                fnum
 .sbss.res_sd   0x00000000200000a4        0x4 ./User/main.o
                0x00000000200000a4                res_sd
 .sbss.CardType
                0x00000000200000a8        0x1 ./User/sdio.o
 .sbss.DeviceMode
                0x00000000200000a9        0x1 ./User/sdio.o
 *fill*         0x00000000200000aa        0x2 
 .sbss.RCA      0x00000000200000ac        0x4 ./User/sdio.o
 .sbss.StopCondition
                0x00000000200000b0        0x1 ./User/sdio.o
 .sbss.TransferEnd
                0x00000000200000b1        0x1 ./User/sdio.o
                0x00000000200000b1                TransferEnd
 *fill*         0x00000000200000b2        0x2 
 .sbss.TransferError
                0x00000000200000b4        0x4 ./User/sdio.o
                0x00000000200000b4                TransferError
 .sbss.tempbuff
                0x00000000200000b8        0x4 ./User/sdio.o
                0x00000000200000b8                tempbuff
 .sbss.NVIC_Priority_Group
                0x00000000200000bc        0x4 ./Peripheral/src/ch32v30x_misc.o
                0x00000000200000bc                NVIC_Priority_Group
 .sbss.Fsid     0x00000000200000c0        0x2 ./FatFs/ff.o
 .sbss.p_ms     0x00000000200000c2        0x2 ./Debug/debug.o
 .sbss.p_us     0x00000000200000c4        0x1 ./Debug/debug.o
 *fill*         0x00000000200000c5        0x3 
 .sbss.__malloc_free_list
                0x00000000200000c8        0x4 f:/mounriver_studio/toolchain/risc-v embedded gcc/bin/../lib/gcc/riscv-none-embed/8.2.0/../../../../riscv-none-embed/lib/rv32imacxw/ilp32\libg_nano.a(lib_a-nano-mallocr.o)
                0x00000000200000c8                __malloc_free_list
 .sbss.__malloc_sbrk_start
                0x00000000200000cc        0x4 f:/mounriver_studio/toolchain/risc-v embedded gcc/bin/../lib/gcc/riscv-none-embed/8.2.0/../../../../riscv-none-embed/lib/rv32imacxw/ilp32\libg_nano.a(lib_a-nano-mallocr.o)
                0x00000000200000cc                __malloc_sbrk_start
 *(.gnu.linkonce.sb.*)
 *(.bss*)
 .bss.fnew      0x00000000200000d0      0x228 ./User/main.o
                0x00000000200000d0                fnew
 .bss.fs        0x00000000200002f8      0x230 ./User/main.o
                0x00000000200002f8                fs
 .bss.work      0x0000000020000528      0x200 ./User/main.o
                0x0000000020000528                work
 .bss.CID_Tab   0x0000000020000728       0x10 ./User/sdio.o
 .bss.CSD_Tab   0x0000000020000738       0x10 ./User/sdio.o
 .bss.SDCardInfo
                0x0000000020000748       0x58 ./User/sdio.o
                0x0000000020000748                SDCardInfo
 .bss.SDIO_CmdInitStructure
                0x00000000200007a0       0x14 ./User/sdio.o
                0x00000000200007a0                SDIO_CmdInitStructure
 .bss.SDIO_DATA_BUFFER
                0x00000000200007b4      0x200 ./User/sdio.o
                0x00000000200007b4                SDIO_DATA_BUFFER
 .bss.SDIO_DataInitStructure
                0x00000000200009b4       0x18 ./User/sdio.o
                0x00000000200009b4                SDIO_DataInitStructure
 .bss.SDIO_InitStructure
                0x00000000200009cc       0x18 ./User/sdio.o
                0x00000000200009cc                SDIO_InitStructure
 .bss.FatFs     0x00000000200009e4        0xc ./FatFs/ff.o
 *(.gnu.linkonce.b.*)
 *(COMMON*)
 COMMON         0x00000000200009f0        0x4 f:/mounriver_studio/toolchain/risc-v embedded gcc/bin/../lib/gcc/riscv-none-embed/8.2.0/../../../../riscv-none-embed/lib/rv32imacxw/ilp32\libg_nano.a(lib_a-reent.o)
                0x00000000200009f0                errno
                0x00000000200009f4                . = ALIGN (0x4)
                0x00000000200009f4                PROVIDE (_ebss = .)
                0x00000000200009f4                PROVIDE (_end = _ebss)
                [!provide]                        PROVIDE (end = .)

.stack          0x0000000020007800      0x800
                0x0000000020007800                PROVIDE (_heap_end = .)
                0x0000000020007800                . = ALIGN (0x4)
                [!provide]                        PROVIDE (_susrstack = .)
                0x0000000020008000                . = (. + __stack_size)
 *fill*         0x0000000020007800      0x800 
                0x0000000020008000                PROVIDE (_eusrstack = .)
OUTPUT(WCH-CH32V307VCT6-SD-FatFs.elf elf32-littleriscv)

.debug_info     0x0000000000000000    0x140cd
 .debug_info    0x0000000000000000      0xbc0 ./User/ch32v30x_it.o
 .debug_info    0x0000000000000bc0     0x15bd ./User/main.o
 .debug_info    0x000000000000217d     0x359e ./User/sdio.o
 .debug_info    0x000000000000571b      0xbb5 ./User/system_ch32v30x.o
 .debug_info    0x00000000000062d0       0x22 ./Startup/startup_ch32v30x_D8C.o
 .debug_info    0x00000000000062f2      0xa94 ./Peripheral/src/ch32v30x_dbgmcu.o
 .debug_info    0x0000000000006d86      0xd16 ./Peripheral/src/ch32v30x_dma.o
 .debug_info    0x0000000000007a9c     0x12aa ./Peripheral/src/ch32v30x_gpio.o
 .debug_info    0x0000000000008d46      0xf60 ./Peripheral/src/ch32v30x_misc.o
 .debug_info    0x0000000000009ca6     0x158a ./Peripheral/src/ch32v30x_rcc.o
 .debug_info    0x000000000000b230     0x10fd ./Peripheral/src/ch32v30x_sdio.o
 .debug_info    0x000000000000c32d     0x13cd ./Peripheral/src/ch32v30x_usart.o
 .debug_info    0x000000000000d6fa      0xf81 ./FatFs/diskio.o
 .debug_info    0x000000000000e67b     0x4b08 ./FatFs/ff.o
 .debug_info    0x0000000000013183      0xf4a ./Debug/debug.o

.debug_abbrev   0x0000000000000000     0x2ceb
 .debug_abbrev  0x0000000000000000      0x22c ./User/ch32v30x_it.o
 .debug_abbrev  0x000000000000022c      0x2fa ./User/main.o
 .debug_abbrev  0x0000000000000526      0x510 ./User/sdio.o
 .debug_abbrev  0x0000000000000a36      0x2c0 ./User/system_ch32v30x.o
 .debug_abbrev  0x0000000000000cf6       0x12 ./Startup/startup_ch32v30x_D8C.o
 .debug_abbrev  0x0000000000000d08      0x2f7 ./Peripheral/src/ch32v30x_dbgmcu.o
 .debug_abbrev  0x0000000000000fff      0x2fd ./Peripheral/src/ch32v30x_dma.o
 .debug_abbrev  0x00000000000012fc      0x31a ./Peripheral/src/ch32v30x_gpio.o
 .debug_abbrev  0x0000000000001616      0x2e3 ./Peripheral/src/ch32v30x_misc.o
 .debug_abbrev  0x00000000000018f9      0x351 ./Peripheral/src/ch32v30x_rcc.o
 .debug_abbrev  0x0000000000001c4a      0x385 ./Peripheral/src/ch32v30x_sdio.o
 .debug_abbrev  0x0000000000001fcf      0x312 ./Peripheral/src/ch32v30x_usart.o
 .debug_abbrev  0x00000000000022e1      0x2cf ./FatFs/diskio.o
 .debug_abbrev  0x00000000000025b0      0x446 ./FatFs/ff.o
 .debug_abbrev  0x00000000000029f6      0x2f5 ./Debug/debug.o

.debug_aranges  0x0000000000000000      0x8b8
 .debug_aranges
                0x0000000000000000       0x28 ./User/ch32v30x_it.o
 .debug_aranges
                0x0000000000000028       0x30 ./User/main.o
 .debug_aranges
                0x0000000000000058      0x108 ./User/sdio.o
 .debug_aranges
                0x0000000000000160       0x28 ./User/system_ch32v30x.o
 .debug_aranges
                0x0000000000000188       0x30 ./Startup/startup_ch32v30x_D8C.o
 .debug_aranges
                0x00000000000001b8       0x48 ./Peripheral/src/ch32v30x_dbgmcu.o
 .debug_aranges
                0x0000000000000200       0x60 ./Peripheral/src/ch32v30x_dma.o
 .debug_aranges
                0x0000000000000260       0xb0 ./Peripheral/src/ch32v30x_gpio.o
 .debug_aranges
                0x0000000000000310       0x28 ./Peripheral/src/ch32v30x_misc.o
 .debug_aranges
                0x0000000000000338      0x1a8 ./Peripheral/src/ch32v30x_rcc.o
 .debug_aranges
                0x00000000000004e0       0xf8 ./Peripheral/src/ch32v30x_sdio.o
 .debug_aranges
                0x00000000000005d8       0xf0 ./Peripheral/src/ch32v30x_usart.o
 .debug_aranges
                0x00000000000006c8       0x48 ./FatFs/diskio.o
 .debug_aranges
                0x0000000000000710      0x158 ./FatFs/ff.o
 .debug_aranges
                0x0000000000000868       0x50 ./Debug/debug.o

.debug_ranges   0x0000000000000000      0xbe8
 .debug_ranges  0x0000000000000000       0x18 ./User/ch32v30x_it.o
 .debug_ranges  0x0000000000000018       0x20 ./User/main.o
 .debug_ranges  0x0000000000000038       0xf8 ./User/sdio.o
 .debug_ranges  0x0000000000000130       0x38 ./User/system_ch32v30x.o
 .debug_ranges  0x0000000000000168       0x28 ./Startup/startup_ch32v30x_D8C.o
 .debug_ranges  0x0000000000000190       0x50 ./Peripheral/src/ch32v30x_dbgmcu.o
 .debug_ranges  0x00000000000001e0       0x50 ./Peripheral/src/ch32v30x_dma.o
 .debug_ranges  0x0000000000000230       0xa0 ./Peripheral/src/ch32v30x_gpio.o
 .debug_ranges  0x00000000000002d0       0x48 ./Peripheral/src/ch32v30x_misc.o
 .debug_ranges  0x0000000000000318      0x198 ./Peripheral/src/ch32v30x_rcc.o
 .debug_ranges  0x00000000000004b0       0xe8 ./Peripheral/src/ch32v30x_sdio.o
 .debug_ranges  0x0000000000000598       0xe0 ./Peripheral/src/ch32v30x_usart.o
 .debug_ranges  0x0000000000000678       0x38 ./FatFs/diskio.o
 .debug_ranges  0x00000000000006b0      0x4f8 ./FatFs/ff.o
 .debug_ranges  0x0000000000000ba8       0x40 ./Debug/debug.o

.debug_line     0x0000000000000000    0x142ee
 .debug_line    0x0000000000000000      0x2b2 ./User/ch32v30x_it.o
 .debug_line    0x00000000000002b2      0x6ec ./User/main.o
 .debug_line    0x000000000000099e     0x5463 ./User/sdio.o
 .debug_line    0x0000000000005e01      0x913 ./User/system_ch32v30x.o
 .debug_line    0x0000000000006714      0x122 ./Startup/startup_ch32v30x_D8C.o
 .debug_line    0x0000000000006836      0x38d ./Peripheral/src/ch32v30x_dbgmcu.o
 .debug_line    0x0000000000006bc3      0x9f6 ./Peripheral/src/ch32v30x_dma.o
 .debug_line    0x00000000000075b9     0x127c ./Peripheral/src/ch32v30x_gpio.o
 .debug_line    0x0000000000008835      0x3f3 ./Peripheral/src/ch32v30x_misc.o
 .debug_line    0x0000000000008c28     0x19ae ./Peripheral/src/ch32v30x_rcc.o
 .debug_line    0x000000000000a5d6      0xcc0 ./Peripheral/src/ch32v30x_sdio.o
 .debug_line    0x000000000000b296      0xf1b ./Peripheral/src/ch32v30x_usart.o
 .debug_line    0x000000000000c1b1      0x479 ./FatFs/diskio.o
 .debug_line    0x000000000000c62a     0x7560 ./FatFs/ff.o
 .debug_line    0x0000000000013b8a      0x764 ./Debug/debug.o

.debug_str      0x0000000000000000     0x3396
 .debug_str     0x0000000000000000      0x60a ./User/ch32v30x_it.o
                                        0x698 (size before relaxing)
 .debug_str     0x000000000000060a      0x716 ./User/main.o
                                        0xcf5 (size before relaxing)
 .debug_str     0x0000000000000d20     0x1085 ./User/sdio.o
                                       0x1ab5 (size before relaxing)
 .debug_str     0x0000000000001da5      0x109 ./User/system_ch32v30x.o
                                        0x6fd (size before relaxing)
 .debug_str     0x0000000000001eae       0x2e ./Startup/startup_ch32v30x_D8C.o
                                         0x7d (size before relaxing)
 .debug_str     0x0000000000001edc       0x87 ./Peripheral/src/ch32v30x_dbgmcu.o
                                        0x659 (size before relaxing)
 .debug_str     0x0000000000001f63       0xfc ./Peripheral/src/ch32v30x_dma.o
                                        0x806 (size before relaxing)
 .debug_str     0x000000000000205f      0x239 ./Peripheral/src/ch32v30x_gpio.o
                                        0x9c3 (size before relaxing)
 .debug_str     0x0000000000002298       0x9c ./Peripheral/src/ch32v30x_misc.o
                                        0xccc (size before relaxing)
 .debug_str     0x0000000000002334      0x5ac ./Peripheral/src/ch32v30x_rcc.o
                                        0xcf2 (size before relaxing)
 .debug_str     0x00000000000028e0      0x203 ./Peripheral/src/ch32v30x_sdio.o
                                        0xa82 (size before relaxing)
 .debug_str     0x0000000000002ae3      0x401 ./Peripheral/src/ch32v30x_usart.o
                                        0xb0d (size before relaxing)
 .debug_str     0x0000000000002ee4       0x9b ./FatFs/diskio.o
                                        0x93d (size before relaxing)
 .debug_str     0x0000000000002f7f      0x386 ./FatFs/ff.o
                                        0xed7 (size before relaxing)
 .debug_str     0x0000000000003305       0x91 ./Debug/debug.o
                                        0x934 (size before relaxing)

.comment        0x0000000000000000       0x33
 .comment       0x0000000000000000       0x33 ./User/ch32v30x_it.o
                                         0x34 (size before relaxing)
 .comment       0x0000000000000033       0x34 ./User/main.o
 .comment       0x0000000000000033       0x34 ./User/sdio.o
 .comment       0x0000000000000033       0x34 ./User/system_ch32v30x.o
 .comment       0x0000000000000033       0x34 ./Peripheral/src/ch32v30x_dbgmcu.o
 .comment       0x0000000000000033       0x34 ./Peripheral/src/ch32v30x_dma.o
 .comment       0x0000000000000033       0x34 ./Peripheral/src/ch32v30x_gpio.o
 .comment       0x0000000000000033       0x34 ./Peripheral/src/ch32v30x_misc.o
 .comment       0x0000000000000033       0x34 ./Peripheral/src/ch32v30x_rcc.o
 .comment       0x0000000000000033       0x34 ./Peripheral/src/ch32v30x_sdio.o
 .comment       0x0000000000000033       0x34 ./Peripheral/src/ch32v30x_usart.o
 .comment       0x0000000000000033       0x34 ./FatFs/diskio.o
 .comment       0x0000000000000033       0x34 ./FatFs/ff.o
 .comment       0x0000000000000033       0x34 ./Debug/debug.o

.debug_frame    0x0000000000000000     0x211c
 .debug_frame   0x0000000000000000       0x30 ./User/ch32v30x_it.o
 .debug_frame   0x0000000000000030       0x70 ./User/main.o
 .debug_frame   0x00000000000000a0      0x49c ./User/sdio.o
 .debug_frame   0x000000000000053c       0x3c ./User/system_ch32v30x.o
 .debug_frame   0x0000000000000578       0x70 ./Peripheral/src/ch32v30x_dbgmcu.o
 .debug_frame   0x00000000000005e8       0xd8 ./Peripheral/src/ch32v30x_dma.o
 .debug_frame   0x00000000000006c0      0x174 ./Peripheral/src/ch32v30x_gpio.o
 .debug_frame   0x0000000000000834       0x30 ./Peripheral/src/ch32v30x_misc.o
 .debug_frame   0x0000000000000864      0x344 ./Peripheral/src/ch32v30x_rcc.o
 .debug_frame   0x0000000000000ba8      0x204 ./Peripheral/src/ch32v30x_sdio.o
 .debug_frame   0x0000000000000dac      0x1e4 ./Peripheral/src/ch32v30x_usart.o
 .debug_frame   0x0000000000000f90       0xa0 ./FatFs/diskio.o
 .debug_frame   0x0000000000001030      0x6c0 ./FatFs/ff.o
 .debug_frame   0x00000000000016f0       0xb8 ./Debug/debug.o
 .debug_frame   0x00000000000017a8       0x20 f:/mounriver_studio/toolchain/risc-v embedded gcc/bin/../lib/gcc/riscv-none-embed/8.2.0/../../../../riscv-none-embed/lib/rv32imacxw/ilp32\libg_nano.a(lib_a-memcmp.o)
 .debug_frame   0x00000000000017c8       0x20 f:/mounriver_studio/toolchain/risc-v embedded gcc/bin/../lib/gcc/riscv-none-embed/8.2.0/../../../../riscv-none-embed/lib/rv32imacxw/ilp32\libg_nano.a(lib_a-memcpy.o)
 .debug_frame   0x00000000000017e8       0x54 f:/mounriver_studio/toolchain/risc-v embedded gcc/bin/../lib/gcc/riscv-none-embed/8.2.0/../../../../riscv-none-embed/lib/rv32imacxw/ilp32\libg_nano.a(lib_a-printf.o)
 .debug_frame   0x000000000000183c       0x54 f:/mounriver_studio/toolchain/risc-v embedded gcc/bin/../lib/gcc/riscv-none-embed/8.2.0/../../../../riscv-none-embed/lib/rv32imacxw/ilp32\libg_nano.a(lib_a-puts.o)
 .debug_frame   0x0000000000001890       0x20 f:/mounriver_studio/toolchain/risc-v embedded gcc/bin/../lib/gcc/riscv-none-embed/8.2.0/../../../../riscv-none-embed/lib/rv32imacxw/ilp32\libg_nano.a(lib_a-strchr.o)
 .debug_frame   0x00000000000018b0       0x50 f:/mounriver_studio/toolchain/risc-v embedded gcc/bin/../lib/gcc/riscv-none-embed/8.2.0/../../../../riscv-none-embed/lib/rv32imacxw/ilp32\libg_nano.a(lib_a-wbuf.o)
 .debug_frame   0x0000000000001900       0x3c f:/mounriver_studio/toolchain/risc-v embedded gcc/bin/../lib/gcc/riscv-none-embed/8.2.0/../../../../riscv-none-embed/lib/rv32imacxw/ilp32\libg_nano.a(lib_a-wsetup.o)
 .debug_frame   0x000000000000193c       0x7c f:/mounriver_studio/toolchain/risc-v embedded gcc/bin/../lib/gcc/riscv-none-embed/8.2.0/../../../../riscv-none-embed/lib/rv32imacxw/ilp32\libg_nano.a(lib_a-fflush.o)
 .debug_frame   0x00000000000019b8      0x148 f:/mounriver_studio/toolchain/risc-v embedded gcc/bin/../lib/gcc/riscv-none-embed/8.2.0/../../../../riscv-none-embed/lib/rv32imacxw/ilp32\libg_nano.a(lib_a-findfp.o)
 .debug_frame   0x0000000000001b00       0x88 f:/mounriver_studio/toolchain/risc-v embedded gcc/bin/../lib/gcc/riscv-none-embed/8.2.0/../../../../riscv-none-embed/lib/rv32imacxw/ilp32\libg_nano.a(lib_a-fwalk.o)
 .debug_frame   0x0000000000001b88       0x64 f:/mounriver_studio/toolchain/risc-v embedded gcc/bin/../lib/gcc/riscv-none-embed/8.2.0/../../../../riscv-none-embed/lib/rv32imacxw/ilp32\libg_nano.a(lib_a-makebuf.o)
 .debug_frame   0x0000000000001bec       0x40 f:/mounriver_studio/toolchain/risc-v embedded gcc/bin/../lib/gcc/riscv-none-embed/8.2.0/../../../../riscv-none-embed/lib/rv32imacxw/ilp32\libg_nano.a(lib_a-nano-freer.o)
 .debug_frame   0x0000000000001c2c       0x40 f:/mounriver_studio/toolchain/risc-v embedded gcc/bin/../lib/gcc/riscv-none-embed/8.2.0/../../../../riscv-none-embed/lib/rv32imacxw/ilp32\libg_nano.a(lib_a-nano-mallocr.o)
 .debug_frame   0x0000000000001c6c       0xd0 f:/mounriver_studio/toolchain/risc-v embedded gcc/bin/../lib/gcc/riscv-none-embed/8.2.0/../../../../riscv-none-embed/lib/rv32imacxw/ilp32\libg_nano.a(lib_a-nano-vfprintf.o)
 .debug_frame   0x0000000000001d3c       0x8c f:/mounriver_studio/toolchain/risc-v embedded gcc/bin/../lib/gcc/riscv-none-embed/8.2.0/../../../../riscv-none-embed/lib/rv32imacxw/ilp32\libg_nano.a(lib_a-nano-vfprintf_i.o)
 .debug_frame   0x0000000000001dc8       0x30 f:/mounriver_studio/toolchain/risc-v embedded gcc/bin/../lib/gcc/riscv-none-embed/8.2.0/../../../../riscv-none-embed/lib/rv32imacxw/ilp32\libg_nano.a(lib_a-sbrkr.o)
 .debug_frame   0x0000000000001df8       0xa4 f:/mounriver_studio/toolchain/risc-v embedded gcc/bin/../lib/gcc/riscv-none-embed/8.2.0/../../../../riscv-none-embed/lib/rv32imacxw/ilp32\libg_nano.a(lib_a-stdio.o)
 .debug_frame   0x0000000000001e9c       0x30 f:/mounriver_studio/toolchain/risc-v embedded gcc/bin/../lib/gcc/riscv-none-embed/8.2.0/../../../../riscv-none-embed/lib/rv32imacxw/ilp32\libg_nano.a(lib_a-writer.o)
 .debug_frame   0x0000000000001ecc       0x30 f:/mounriver_studio/toolchain/risc-v embedded gcc/bin/../lib/gcc/riscv-none-embed/8.2.0/../../../../riscv-none-embed/lib/rv32imacxw/ilp32\libg_nano.a(lib_a-closer.o)
 .debug_frame   0x0000000000001efc       0x30 f:/mounriver_studio/toolchain/risc-v embedded gcc/bin/../lib/gcc/riscv-none-embed/8.2.0/../../../../riscv-none-embed/lib/rv32imacxw/ilp32\libg_nano.a(lib_a-fstatr.o)
 .debug_frame   0x0000000000001f2c       0x30 f:/mounriver_studio/toolchain/risc-v embedded gcc/bin/../lib/gcc/riscv-none-embed/8.2.0/../../../../riscv-none-embed/lib/rv32imacxw/ilp32\libg_nano.a(lib_a-isattyr.o)
 .debug_frame   0x0000000000001f5c       0x30 f:/mounriver_studio/toolchain/risc-v embedded gcc/bin/../lib/gcc/riscv-none-embed/8.2.0/../../../../riscv-none-embed/lib/rv32imacxw/ilp32\libg_nano.a(lib_a-lseekr.o)
 .debug_frame   0x0000000000001f8c       0x20 f:/mounriver_studio/toolchain/risc-v embedded gcc/bin/../lib/gcc/riscv-none-embed/8.2.0/../../../../riscv-none-embed/lib/rv32imacxw/ilp32\libg_nano.a(lib_a-memchr.o)
 .debug_frame   0x0000000000001fac       0x30 f:/mounriver_studio/toolchain/risc-v embedded gcc/bin/../lib/gcc/riscv-none-embed/8.2.0/../../../../riscv-none-embed/lib/rv32imacxw/ilp32\libg_nano.a(lib_a-mlock.o)
 .debug_frame   0x0000000000001fdc       0x30 f:/mounriver_studio/toolchain/risc-v embedded gcc/bin/../lib/gcc/riscv-none-embed/8.2.0/../../../../riscv-none-embed/lib/rv32imacxw/ilp32\libg_nano.a(lib_a-readr.o)
 .debug_frame   0x000000000000200c       0x70 f:/mounriver_studio/toolchain/risc-v embedded gcc/bin/../lib/gcc/riscv-none-embed/8.2.0/../../../../riscv-none-embed/lib/rv32imacxw/ilp32\libg_nano.a(lib_a-reent.o)
 .debug_frame   0x000000000000207c       0x20 f:/mounriver_studio/toolchain/risc-v embedded gcc/bin/../lib/gcc/riscv-none-embed/8.2.0/../../../../riscv-none-embed/lib/rv32imacxw/ilp32\libnosys.a(close.o)
 .debug_frame   0x000000000000209c       0x20 f:/mounriver_studio/toolchain/risc-v embedded gcc/bin/../lib/gcc/riscv-none-embed/8.2.0/../../../../riscv-none-embed/lib/rv32imacxw/ilp32\libnosys.a(fstat.o)
 .debug_frame   0x00000000000020bc       0x20 f:/mounriver_studio/toolchain/risc-v embedded gcc/bin/../lib/gcc/riscv-none-embed/8.2.0/../../../../riscv-none-embed/lib/rv32imacxw/ilp32\libnosys.a(isatty.o)
 .debug_frame   0x00000000000020dc       0x20 f:/mounriver_studio/toolchain/risc-v embedded gcc/bin/../lib/gcc/riscv-none-embed/8.2.0/../../../../riscv-none-embed/lib/rv32imacxw/ilp32\libnosys.a(lseek.o)
 .debug_frame   0x00000000000020fc       0x20 f:/mounriver_studio/toolchain/risc-v embedded gcc/bin/../lib/gcc/riscv-none-embed/8.2.0/../../../../riscv-none-embed/lib/rv32imacxw/ilp32\libnosys.a(read.o)

.debug_loc      0x0000000000000000     0x7c31
 .debug_loc     0x0000000000000000     0x1a6e ./User/sdio.o
 .debug_loc     0x0000000000001a6e      0x163 ./User/system_ch32v30x.o
 .debug_loc     0x0000000000001bd1       0x7c ./Peripheral/src/ch32v30x_dbgmcu.o
 .debug_loc     0x0000000000001c4d      0x19a ./Peripheral/src/ch32v30x_dma.o
 .debug_loc     0x0000000000001de7      0x72b ./Peripheral/src/ch32v30x_gpio.o
 .debug_loc     0x0000000000002512       0x47 ./Peripheral/src/ch32v30x_misc.o
 .debug_loc     0x0000000000002559      0xadb ./Peripheral/src/ch32v30x_rcc.o
 .debug_loc     0x0000000000003034      0x1bb ./Peripheral/src/ch32v30x_sdio.o
 .debug_loc     0x00000000000031ef      0x779 ./Peripheral/src/ch32v30x_usart.o
 .debug_loc     0x0000000000003968      0x2b5 ./FatFs/diskio.o
 .debug_loc     0x0000000000003c1d     0x3e9d ./FatFs/ff.o
 .debug_loc     0x0000000000007aba      0x177 ./Debug/debug.o

.stab           0x0000000000000000       0x84
 .stab          0x0000000000000000       0x24 f:/mounriver_studio/toolchain/risc-v embedded gcc/bin/../lib/gcc/riscv-none-embed/8.2.0/../../../../riscv-none-embed/lib/rv32imacxw/ilp32\libnosys.a(close.o)
 .stab          0x0000000000000024       0x18 f:/mounriver_studio/toolchain/risc-v embedded gcc/bin/../lib/gcc/riscv-none-embed/8.2.0/../../../../riscv-none-embed/lib/rv32imacxw/ilp32\libnosys.a(fstat.o)
                                         0x24 (size before relaxing)
 .stab          0x000000000000003c       0x18 f:/mounriver_studio/toolchain/risc-v embedded gcc/bin/../lib/gcc/riscv-none-embed/8.2.0/../../../../riscv-none-embed/lib/rv32imacxw/ilp32\libnosys.a(isatty.o)
                                         0x24 (size before relaxing)
 .stab          0x0000000000000054       0x18 f:/mounriver_studio/toolchain/risc-v embedded gcc/bin/../lib/gcc/riscv-none-embed/8.2.0/../../../../riscv-none-embed/lib/rv32imacxw/ilp32\libnosys.a(lseek.o)
                                         0x24 (size before relaxing)
 .stab          0x000000000000006c       0x18 f:/mounriver_studio/toolchain/risc-v embedded gcc/bin/../lib/gcc/riscv-none-embed/8.2.0/../../../../riscv-none-embed/lib/rv32imacxw/ilp32\libnosys.a(read.o)
                                         0x24 (size before relaxing)

.stabstr        0x0000000000000000      0x117
 .stabstr       0x0000000000000000      0x117 f:/mounriver_studio/toolchain/risc-v embedded gcc/bin/../lib/gcc/riscv-none-embed/8.2.0/../../../../riscv-none-embed/lib/rv32imacxw/ilp32\libnosys.a(close.o)
